Archive member included to satisfy reference by file (symbol)

C:/ProgramData/MATLAB/SupportPackages/R2024b/3P.instrset/gnuarm-armcortex.instrset/win/bin/../lib/gcc/arm-none-eabi/13.2.1/thumb/v7e-m+fp/hard\libm.a(libm_a-w_fmod.o)
                              xcp_ext_common.o (fmod)
C:/ProgramData/MATLAB/SupportPackages/R2024b/3P.instrset/gnuarm-armcortex.instrset/win/bin/../lib/gcc/arm-none-eabi/13.2.1/thumb/v7e-m+fp/hard\libm.a(libm_a-e_fmod.o)
                              C:/ProgramData/MATLAB/SupportPackages/R2024b/3P.instrset/gnuarm-armcortex.instrset/win/bin/../lib/gcc/arm-none-eabi/13.2.1/thumb/v7e-m+fp/hard\libm.a(libm_a-w_fmod.o) (__ieee754_fmod)
C:/ProgramData/MATLAB/SupportPackages/R2024b/3P.instrset/gnuarm-armcortex.instrset/win/bin/../lib/gcc/arm-none-eabi/13.2.1/thumb/v7e-m+fp/hard\libgcc.a(_arm_muldf3.o)
                              TestKit2.o (__aeabi_dmul)
C:/ProgramData/MATLAB/SupportPackages/R2024b/3P.instrset/gnuarm-armcortex.instrset/win/bin/../lib/gcc/arm-none-eabi/13.2.1/thumb/v7e-m+fp/hard\libgcc.a(_arm_addsubdf3.o)
                              xcp_ext_common.o (__aeabi_dsub)
C:/ProgramData/MATLAB/SupportPackages/R2024b/3P.instrset/gnuarm-armcortex.instrset/win/bin/../lib/gcc/arm-none-eabi/13.2.1/thumb/v7e-m+fp/hard\libgcc.a(_arm_muldivdf3.o)
                              xcp_ext_common.o (__aeabi_ddiv)
C:/ProgramData/MATLAB/SupportPackages/R2024b/3P.instrset/gnuarm-armcortex.instrset/win/bin/../lib/gcc/arm-none-eabi/13.2.1/thumb/v7e-m+fp/hard\libgcc.a(_arm_cmpdf2.o)
                              xcp_ext_mode.o (__aeabi_dcmpeq)
C:/ProgramData/MATLAB/SupportPackages/R2024b/3P.instrset/gnuarm-armcortex.instrset/win/bin/../lib/gcc/arm-none-eabi/13.2.1/thumb/v7e-m+fp/hard\libgcc.a(_arm_unorddf2.o)
                              C:/ProgramData/MATLAB/SupportPackages/R2024b/3P.instrset/gnuarm-armcortex.instrset/win/bin/../lib/gcc/arm-none-eabi/13.2.1/thumb/v7e-m+fp/hard\libm.a(libm_a-w_fmod.o) (__aeabi_dcmpun)
C:/ProgramData/MATLAB/SupportPackages/R2024b/3P.instrset/gnuarm-armcortex.instrset/win/bin/../lib/gcc/arm-none-eabi/13.2.1/thumb/v7e-m+fp/hard\libgcc.a(_arm_fixunsdfsi.o)
                              xcp_ext_common.o (__aeabi_d2uiz)
C:/ProgramData/MATLAB/SupportPackages/R2024b/3P.instrset/gnuarm-armcortex.instrset/win/bin/../lib/gcc/arm-none-eabi/13.2.1/thumb/v7e-m+fp/hard\libgcc.a(_aeabi_uldivmod.o)
                              stm32g4xx_ll_lpuart.o (__aeabi_uldivmod)
C:/ProgramData/MATLAB/SupportPackages/R2024b/3P.instrset/gnuarm-armcortex.instrset/win/bin/../lib/gcc/arm-none-eabi/13.2.1/thumb/v7e-m+fp/hard\libgcc.a(_udivmoddi4.o)
                              C:/ProgramData/MATLAB/SupportPackages/R2024b/3P.instrset/gnuarm-armcortex.instrset/win/bin/../lib/gcc/arm-none-eabi/13.2.1/thumb/v7e-m+fp/hard\libgcc.a(_aeabi_uldivmod.o) (__udivmoddi4)
C:/ProgramData/MATLAB/SupportPackages/R2024b/3P.instrset/gnuarm-armcortex.instrset/win/bin/../lib/gcc/arm-none-eabi/13.2.1/thumb/v7e-m+fp/hard\libgcc.a(_dvmd_tls.o)
                              C:/ProgramData/MATLAB/SupportPackages/R2024b/3P.instrset/gnuarm-armcortex.instrset/win/bin/../lib/gcc/arm-none-eabi/13.2.1/thumb/v7e-m+fp/hard\libgcc.a(_aeabi_uldivmod.o) (__aeabi_ldiv0)
C:/ProgramData/MATLAB/SupportPackages/R2024b/3P.instrset/gnuarm-armcortex.instrset/win/bin/../lib/gcc/arm-none-eabi/13.2.1/thumb/v7e-m+fp/hard\libg_nano.a(libc_a-exit.o)
                              C:/ProgramData/MATLAB/SupportPackages/R2024b/3P.instrset/gnuarm-armcortex.instrset/win/bin/../lib/gcc/arm-none-eabi/13.2.1/thumb/v7e-m+fp/hard/crt0.o (exit)
C:/ProgramData/MATLAB/SupportPackages/R2024b/3P.instrset/gnuarm-armcortex.instrset/win/bin/../lib/gcc/arm-none-eabi/13.2.1/thumb/v7e-m+fp/hard\libg_nano.a(libc_a-findfp.o)
                              C:/ProgramData/MATLAB/SupportPackages/R2024b/3P.instrset/gnuarm-armcortex.instrset/win/bin/../lib/gcc/arm-none-eabi/13.2.1/thumb/v7e-m+fp/hard\libg_nano.a(libc_a-exit.o) (__stdio_exit_handler)
C:/ProgramData/MATLAB/SupportPackages/R2024b/3P.instrset/gnuarm-armcortex.instrset/win/bin/../lib/gcc/arm-none-eabi/13.2.1/thumb/v7e-m+fp/hard\libg_nano.a(libc_a-fwalk.o)
                              C:/ProgramData/MATLAB/SupportPackages/R2024b/3P.instrset/gnuarm-armcortex.instrset/win/bin/../lib/gcc/arm-none-eabi/13.2.1/thumb/v7e-m+fp/hard\libg_nano.a(libc_a-findfp.o) (_fwalk_sglue)
C:/ProgramData/MATLAB/SupportPackages/R2024b/3P.instrset/gnuarm-armcortex.instrset/win/bin/../lib/gcc/arm-none-eabi/13.2.1/thumb/v7e-m+fp/hard\libg_nano.a(libc_a-stdio.o)
                              C:/ProgramData/MATLAB/SupportPackages/R2024b/3P.instrset/gnuarm-armcortex.instrset/win/bin/../lib/gcc/arm-none-eabi/13.2.1/thumb/v7e-m+fp/hard\libg_nano.a(libc_a-findfp.o) (__sread)
C:/ProgramData/MATLAB/SupportPackages/R2024b/3P.instrset/gnuarm-armcortex.instrset/win/bin/../lib/gcc/arm-none-eabi/13.2.1/thumb/v7e-m+fp/hard\libg_nano.a(libc_a-memset.o)
[...]
Memory Configuration

Name             Origin             Length             Attributes
RAM              0x20000000         0x00020000         xrw
FLASH            0x08000000         0x00080000         xr
*default*        0x00000000         0xffffffff

Linker script and memory map

LOAD C:/ProgramData/MATLAB/SupportPackages/R2024b/3P.instrset/gnuarm-armcortex.instrset/win/bin/../lib/gcc/arm-none-eabi/13.2.1/thumb/v7e-m+fp/hard/crti.o
LOAD C:/ProgramData/MATLAB/SupportPackages/R2024b/3P.instrset/gnuarm-armcortex.instrset/win/bin/../lib/gcc/arm-none-eabi/13.2.1/thumb/v7e-m+fp/hard/crtbegin.o
LOAD C:/ProgramData/MATLAB/SupportPackages/R2024b/3P.instrset/gnuarm-armcortex.instrset/win/bin/../lib/gcc/arm-none-eabi/13.2.1/thumb/v7e-m+fp/hard/crt0.o
LOAD stm_timer_ll.o
LOAD xcp_ext_mode.o
LOAD TestKit2.o
LOAD ert_main.o
LOAD xcp_ext_common.o
LOAD xcp_ext_classic_trigger.o
LOAD xcp.o
LOAD xcp_standard.o
LOAD xcp_daq.o
LOAD xcp_calibration.o
LOAD xcp_fifo.o
LOAD xcp_transport.o
LOAD xcp_mem_default.o
LOAD xcp_drv_rtiostream.o
LOAD xcp_utils.o
LOAD xcp_frame_serial.o
LOAD xcp_ext_param_default_serial.o
LOAD overrideHALDelay.o
LOAD platform_timer.o
LOAD SysTickScheduler.o
LOAD m3m4m4f_multitasking.o
LOAD rtiostream_serial.o
LOAD stm_usart.o
LOAD stm_lpuart.o
LOAD sys_arch.o
LOAD main.o
LOAD stm32g4xx_it.o
LOAD stm32g4xx_hal_msp.o
LOAD stm32g4xx_hal_timebase_tim.o
LOAD stm32g4xx_ll_utils.o
LOAD stm32g4xx_ll_exti.o
LOAD stm32g4xx_ll_gpio.o
LOAD stm32g4xx_ll_dma.o
LOAD stm32g4xx_ll_lpuart.o
LOAD stm32g4xx_ll_rcc.o
LOAD stm32g4xx_hal.o
LOAD stm32g4xx_hal_rcc.o
LOAD stm32g4xx_hal_rcc_ex.o
LOAD stm32g4xx_hal_flash.o
LOAD stm32g4xx_hal_flash_ex.o
LOAD stm32g4xx_hal_flash_ramfunc.o
LOAD stm32g4xx_hal_gpio.o
LOAD stm32g4xx_hal_exti.o
LOAD stm32g4xx_hal_dma.o
LOAD stm32g4xx_hal_dma_ex.o
LOAD stm32g4xx_hal_pwr.o
LOAD stm32g4xx_hal_pwr_ex.o
LOAD stm32g4xx_hal_cortex.o
LOAD stm32g4xx_hal_tim.o
LOAD stm32g4xx_hal_tim_ex.o
LOAD stm32g4xx_ll_tim.o
LOAD system_stm32g4xx.o
LOAD syscalls.o
LOAD sysmem.o
LOAD startup_stm32g474retx.o
LOAD C:/ProgramData/MATLAB/SupportPackages/R2024b/3P.instrset/cmsis_dsp.instrset/Lib/GCC/arm_cortexm4ldfsp_math/libCMSISDSP.a
LOAD C:/ProgramData/MATLAB/SupportPackages/R2024b/toolbox/shared/supportpackages/stm32/lib/GCC/libmw_pdmfilter_m4_spfp.lib
LOAD C:/ProgramData/MATLAB/SupportPackages/R2024b/3P.instrset/gnuarm-armcortex.instrset/win/bin/../lib/gcc/arm-none-eabi/13.2.1/thumb/v7e-m+fp/hard\libstdc++_nano.a
LOAD C:/ProgramData/MATLAB/SupportPackages/R2024b/3P.instrset/gnuarm-armcortex.instrset/win/bin/../lib/gcc/arm-none-eabi/13.2.1/thumb/v7e-m+fp/hard\libm.a
START GROUP
LOAD C:/ProgramData/MATLAB/SupportPackages/R2024b/3P.instrset/gnuarm-armcortex.instrset/win/bin/../lib/gcc/arm-none-eabi/13.2.1/thumb/v7e-m+fp/hard\libgcc.a
LOAD C:/ProgramData/MATLAB/SupportPackages/R2024b/3P.instrset/gnuarm-armcortex.instrset/win/bin/../lib/gcc/arm-none-eabi/13.2.1/thumb/v7e-m+fp/hard\libg_nano.a
LOAD C:/ProgramData/MATLAB/SupportPackages/R2024b/3P.instrset/gnuarm-armcortex.instrset/win/bin/../lib/gcc/arm-none-eabi/13.2.1/thumb/v7e-m+fp/hard\libc_nano.a
END GROUP
START GROUP
LOAD C:/ProgramData/MATLAB/SupportPackages/R2024b/3P.instrset/gnuarm-armcortex.instrset/win/bin/../lib/gcc/arm-none-eabi/13.2.1/thumb/v7e-m+fp/hard\libgcc.a
LOAD C:/ProgramData/MATLAB/SupportPackages/R2024b/3P.instrset/gnuarm-armcortex.instrset/win/bin/../lib/gcc/arm-none-eabi/13.2.1/thumb/v7e-m+fp/hard\libc_nano.a
LOAD C:/ProgramData/MATLAB/SupportPackages/R2024b/3P.instrset/gnuarm-armcortex.instrset/win/bin/../lib/gcc/arm-none-eabi/13.2.1/thumb/v7e-m+fp/hard\libnosys.a
END GROUP
START GROUP
LOAD C:/ProgramData/MATLAB/SupportPackages/R2024b/3P.instrset/gnuarm-armcortex.instrset/win/bin/../lib/gcc/arm-none-eabi/13.2.1/thumb/v7e-m+fp/hard\libgcc.a
LOAD C:/ProgramData/MATLAB/SupportPackages/R2024b/3P.instrset/gnuarm-armcortex.instrset/win/bin/../lib/gcc/arm-none-eabi/13.2.1/thumb/v7e-m+fp/hard\libc_nano.a
LOAD C:/ProgramData/MATLAB/SupportPackages/R2024b/3P.instrset/gnuarm-armcortex.instrset/win/bin/../lib/gcc/arm-none-eabi/13.2.1/thumb/v7e-m+fp/hard\libnosys.a
END GROUP
LOAD C:/ProgramData/MATLAB/SupportPackages/R2024b/3P.instrset/gnuarm-armcortex.instrset/win/bin/../lib/gcc/arm-none-eabi/13.2.1/thumb/v7e-m+fp/hard/crtend.o
LOAD C:/ProgramData/MATLAB/SupportPackages/R2024b/3P.instrset/gnuarm-armcortex.instrset/win/bin/../lib/gcc/arm-none-eabi/13.2.1/thumb/v7e-m+fp/hard/crtn.o
                0x20020000                        _estack = (ORIGIN (RAM) + LENGTH (RAM))
                0x00000200                        _Min_Heap_Size = 0x200
                0x00000400                        _Min_Stack_Size = 0x400

.isr_vector     0x08000000      0x1d8
                0x08000000                        . = ALIGN (0x4)
 *(.isr_vector)
 .isr_vector    0x08000000      0x1d8 startup_stm32g474retx.o
                0x08000000                g_pfnVectors
                0x080001d8                        . = ALIGN (0x4)

.text           0x080001d8     0xd1a0
                0x080001d8                        . = ALIGN (0x4)
 *(.text)
 .text          0x080001d8      0x378 C:/ProgramData/MATLAB/SupportPackages/R2024b/3P.instrset/gnuarm-armcortex.instrset/win/bin/../lib/gcc/arm-none-eabi/13.2.1/thumb/v7e-m+fp/hard\libgcc.a(_arm_addsubdf3.o)
                0x080001d8                __aeabi_drsub
                0x080001e0                __aeabi_dsub
                0x080001e0                __subdf3
                0x080001e4                __aeabi_dadd
                0x080001e4                __adddf3
                0x0800045c                __floatunsidf
                0x0800045c                __aeabi_ui2d
                0x0800047c                __floatsidf
                0x0800047c                __aeabi_i2d
                0x080004a0                __aeabi_f2d
                0x080004a0                __extendsfdf2
                0x080004e4                __floatundidf
                0x080004e4                __aeabi_ul2d
                0x080004f4                __floatdidf
                0x080004f4                __aeabi_l2d
 .text          0x08000550      0x424 C:/ProgramData/MATLAB/SupportPackages/R2024b/3P.instrset/gnuarm-armcortex.instrset/win/bin/../lib/gcc/arm-none-eabi/13.2.1/thumb/v7e-m+fp/hard\libgcc.a(_arm_muldivdf3.o)
                0x08000550                __aeabi_dmul
                0x08000550                __muldf3
                0x080007a4                __divdf3
                0x080007a4                __aeabi_ddiv
 .text          0x08000974      0x110 C:/ProgramData/MATLAB/SupportPackages/R2024b/3P.instrset/gnuarm-armcortex.instrset/win/bin/../lib/gcc/arm-none-eabi/13.2.1/thumb/v7e-m+fp/hard\libgcc.a(_arm_cmpdf2.o)
                0x08000974                __gtdf2
                0x08000974                __gedf2
                0x0800097c                __ltdf2
                0x0800097c                __ledf2
                0x08000984                __nedf2
                0x08000984                __eqdf2
                0x08000984                __cmpdf2
                0x08000a00                __aeabi_cdrcmple
                0x08000a10                __aeabi_cdcmpeq
                0x08000a10                __aeabi_cdcmple
                0x08000a20                __aeabi_dcmpeq
                0x08000a34                __aeabi_dcmplt
                0x08000a48                __aeabi_dcmple
                0x08000a5c                __aeabi_dcmpge
                0x08000a70                __aeabi_dcmpgt
 .text          0x08000a84       0x2c C:/ProgramData/MATLAB/SupportPackages/R2024b/3P.instrset/gnuarm-armcortex.instrset/win/bin/../lib/gcc/arm-none-eabi/13.2.1/thumb/v7e-m+fp/hard\libgcc.a(_arm_unorddf2.o)
                0x08000a84                __unorddf2
                0x08000a84                __aeabi_dcmpun
 .text          0x08000ab0       0x40 C:/ProgramData/MATLAB/SupportPackages/R2024b/3P.instrset/gnuarm-armcortex.instrset/win/bin/../lib/gcc/arm-none-eabi/13.2.1/thumb/v7e-m+fp/hard\libgcc.a(_arm_fixunsdfsi.o)
                0x08000ab0                __aeabi_d2uiz
                0x08000ab0                __fixunsdfsi
 .text          0x08000af0       0x30 C:/ProgramData/MATLAB/SupportPackages/R2024b/3P.instrset/gnuarm-armcortex.instrset/win/bin/../lib/gcc/arm-none-eabi/13.2.1/thumb/v7e-m+fp/hard\libgcc.a(_aeabi_uldivmod.o)
                0x08000af0                __aeabi_uldivmod
 .text          0x08000b20        0x4 C:/ProgramData/MATLAB/SupportPackages/R2024b/3P.instrset/gnuarm-armcortex.instrset/win/bin/../lib/gcc/arm-none-eabi/13.2.1/thumb/v7e-m+fp/hard\libgcc.a(_dvmd_tls.o)
                0x08000b20                __aeabi_idiv0
                0x08000b20                __aeabi_ldiv0
 *(.text*)
 .text.deregister_tm_clones
                0x08000b24       0x1c C:/ProgramData/MATLAB/SupportPackages/R2024b/3P.instrset/gnuarm-armcortex.instrset/win/bin/../lib/gcc/arm-none-eabi/13.2.1/thumb/v7e-m+fp/hard/crtbegin.o
 .text.register_tm_clones
                0x08000b40       0x24 C:/ProgramData/MATLAB/SupportPackages/R2024b/3P.instrset/gnuarm-armcortex.instrset/win/bin/../lib/gcc/arm-none-eabi/13.2.1/thumb/v7e-m+fp/hard/crtbegin.o
 .text.__do_global_dtors_aux
                0x08000b64       0x28 C:/ProgramData/MATLAB/SupportPackages/R2024b/3P.instrset/gnuarm-armcortex.instrset/win/bin/../lib/gcc/arm-none-eabi/13.2.1/thumb/v7e-m+fp/hard/crtbegin.o
 .text.frame_dummy
                0x08000b8c       0x24 C:/ProgramData/MATLAB/SupportPackages/R2024b/3P.instrset/gnuarm-armcortex.instrset/win/bin/../lib/gcc/arm-none-eabi/13.2.1/thumb/v7e-m+fp/hard/crtbegin.o
 .text.LL_TIM_GetCounterMode
                0x08000bb0       0x30 stm_timer_ll.o
 .text.LL_TIM_GetCounter
                0x08000be0       0x18 stm_timer_ll.o
 .text.LL_TIM_GetRepetitionCounter
                0x08000bf8       0x18 stm_timer_ll.o
 .text.LL_TIM_CC_EnableChannel
                0x08000c10       0x22 stm_timer_ll.o
 .text.LL_TIM_CC_DisableChannel
                0x08000c32       0x24 stm_timer_ll.o
 .text.LL_TIM_EnableAllOutputs
                0x08000c56       0x20 stm_timer_ll.o
 .text.LL_TIM_IsActiveFlag_IDX
                0x08000c76       0x28 stm_timer_ll.o
 .text.LL_TIM_EnableIT_UPDATE
                0x08000c9e       0x20 stm_timer_ll.o
 .text.LL_TIM_DisableIT_UPDATE
                0x08000cbe       0x20 stm_timer_ll.o
 .text.LL_TIM_IsEnabledIT_UPDATE
                0x08000cde       0x26 stm_timer_ll.o
 .text.LL_TIM_EnableIT_CC1
                0x08000d04       0x20 stm_timer_ll.o
 .text.LL_TIM_DisableIT_CC1
                0x08000d24       0x20 stm_timer_ll.o
 .text.LL_TIM_IsEnabledIT_CC1
                0x08000d44       0x26 stm_timer_ll.o
 .text.LL_TIM_EnableIT_CC2
                0x08000d6a       0x20 stm_timer_ll.o
 .text.LL_TIM_DisableIT_CC2
                0x08000d8a       0x20 stm_timer_ll.o
 .text.LL_TIM_IsEnabledIT_CC2
                0x08000daa       0x26 stm_timer_ll.o
 .text.LL_TIM_EnableIT_CC3
                0x08000dd0       0x20 stm_timer_ll.o
 .text.LL_TIM_DisableIT_CC3
                0x08000df0       0x20 stm_timer_ll.o
 .text.LL_TIM_IsEnabledIT_CC3
                0x08000e10       0x26 stm_timer_ll.o
 .text.LL_TIM_EnableIT_CC4
                0x08000e36       0x20 stm_timer_ll.o
 .text.LL_TIM_DisableIT_CC4
                0x08000e56       0x20 stm_timer_ll.o
 .text.LL_TIM_IsEnabledIT_CC4
                0x08000e76       0x26 stm_timer_ll.o
 .text.LL_TIM_EnableIT_COM
                0x08000e9c       0x20 stm_timer_ll.o
 .text.LL_TIM_DisableIT_COM
                0x08000ebc       0x20 stm_timer_ll.o
 .text.LL_TIM_IsEnabledIT_COM
                0x08000edc       0x26 stm_timer_ll.o
 .text.LL_TIM_EnableIT_TRIG
                0x08000f02       0x20 stm_timer_ll.o
 .text.LL_TIM_DisableIT_TRIG
                0x08000f22       0x20 stm_timer_ll.o
 .text.LL_TIM_IsEnabledIT_TRIG
                0x08000f42       0x26 stm_timer_ll.o
 .text.LL_TIM_EnableIT_BRK
                0x08000f68       0x20 stm_timer_ll.o
 .text.LL_TIM_DisableIT_BRK
                0x08000f88       0x20 stm_timer_ll.o
 .text.LL_TIM_IsEnabledIT_BRK
                0x08000fa8       0x26 stm_timer_ll.o
 .text.LL_TIM_EnableIT_TERR
                0x08000fce       0x20 stm_timer_ll.o
 .text.LL_TIM_DisableIT_TERR
                0x08000fee       0x20 stm_timer_ll.o
 .text.LL_TIM_IsEnabledIT_TERR
                0x0800100e       0x28 stm_timer_ll.o
 .text.LL_TIM_EnableIT_IERR
                0x08001036       0x20 stm_timer_ll.o
 .text.LL_TIM_DisableIT_IERR
                0x08001056       0x20 stm_timer_ll.o
 .text.LL_TIM_IsEnabledIT_IERR
                0x08001076       0x28 stm_timer_ll.o
 .text.LL_TIM_EnableIT_DIR
                0x0800109e       0x20 stm_timer_ll.o
 .text.LL_TIM_DisableIT_DIR
                0x080010be       0x20 stm_timer_ll.o
 .text.LL_TIM_IsEnabledIT_DIR
                0x080010de       0x28 stm_timer_ll.o
 .text.LL_TIM_EnableIT_IDX
                0x08001106       0x20 stm_timer_ll.o
 .text.LL_TIM_DisableIT_IDX
                0x08001126       0x20 stm_timer_ll.o
 .text.LL_TIM_IsEnabledIT_IDX
                0x08001146       0x28 stm_timer_ll.o
 .text.TIM_IsActiveFlagIDX
                0x0800116e       0x34 stm_timer_ll.o
                0x0800116e                TIM_IsActiveFlagIDX
 .text.enableTimerInterrupts
                0x080011a2      0x1c4 stm_timer_ll.o
                0x080011a2                enableTimerInterrupts
 .text.disableTimerInterrupts
                0x08001366      0x1c4 stm_timer_ll.o
                0x08001366                disableTimerInterrupts
 *fill*         0x0800152a        0x2 
 .text.enableTimerChannel1
                0x0800152c       0xb0 stm_timer_ll.o
                0x0800152c                enableTimerChannel1
 .text.disableTimerChannel1
                0x080015dc       0xb0 stm_timer_ll.o
                0x080015dc                disableTimerChannel1
 .text.enableTimerChannel2
                0x0800168c       0xb0 stm_timer_ll.o
                0x0800168c                enableTimerChannel2
 .text.disableTimerChannel2
                0x0800173c       0xb0 stm_timer_ll.o
                0x0800173c                disableTimerChannel2
 .text.Timer_Handle_Init
                0x080017ec      0x140 stm_timer_ll.o
                0x080017ec                Timer_Handle_Init
 .text.getTimerCounterValueForG4
                0x0800192c       0x64 stm_timer_ll.o
                0x0800192c                getTimerCounterValueForG4
 .text.extmodeParseArgs
                0x08001990       0x1e xcp_ext_mode.o
                0x08001990                extmodeParseArgs
 *fill*         0x080019ae        0x2 
 .text.extmodeInit
                0x080019b0      0x128 xcp_ext_mode.o
                0x080019b0                extmodeInit
 .text.extmodeWaitForHostRequest
                0x08001ad8       0xcc xcp_ext_mode.o
                0x08001ad8                extmodeWaitForHostRequest
 .text.extmodeEvent
                0x08001ba4       0xfc xcp_ext_mode.o
                0x08001ba4                extmodeEvent
 .text.extmodeBackgroundRun
                0x08001ca0       0x20 xcp_ext_mode.o
                0x08001ca0                extmodeBackgroundRun
 .text.extmodeReset
                0x08001cc0       0x40 xcp_ext_mode.o
                0x08001cc0                extmodeReset
 .text.extmodeStopRequested
                0x08001d00       0x18 xcp_ext_mode.o
                0x08001d00                extmodeStopRequested
 .text.extmodeSimulationComplete
                0x08001d18       0x18 xcp_ext_mode.o
                0x08001d18                extmodeSimulationComplete
 .text.LL_TIM_EnableCounter
                0x08001d30       0x20 TestKit2.o
 .text.LL_TIM_DisableCounter
                0x08001d50       0x20 TestKit2.o
 .text.LL_TIM_SetUpdateSource
                0x08001d70       0x26 TestKit2.o
 .text.LL_TIM_GetUpdateSource
                0x08001d96       0x1c TestKit2.o
 .text.LL_TIM_SetRepetitionCounter
                0x08001db2       0x1c TestKit2.o
 .text.LL_TIM_GenerateEvent_UPDATE
                0x08001dce       0x20 TestKit2.o
 *fill*         0x08001dee        0x2 
 .text.isSlaveTriggerModeEnabled
                0x08001df0       0x30 TestKit2.o
 .text.enableCounter
                0x08001e20      0x118 TestKit2.o
 .text.disableCounter
                0x08001f38       0x1a TestKit2.o
 *fill*         0x08001f52        0x2 
 .text.TestKit2_SystemCore_setup
                0x08001f54       0x94 TestKit2.o
 .text.TestKit2_SystemCore_setup_l
                0x08001fe8       0x94 TestKit2.o
 .text.TestKit2_SystemCore_setup_ly
                0x0800207c       0x94 TestKit2.o
 .text.TestKit2_step
                0x08002110       0x74 TestKit2.o
                0x08002110                TestKit2_step
 *fill*         0x08002184        0x4 
 .text.TestKit2_initialize
                0x08002188       0xf0 TestKit2.o
                0x08002188                TestKit2_initialize
 .text.TestKit2_terminate
                0x08002278      0x114 TestKit2.o
                0x08002278                TestKit2_terminate
 .text.rt_OneStep
                0x0800238c       0x78 ert_main.o
                0x0800238c                rt_OneStep
 .text.main     0x08002404      0x18c ert_main.o
                0x08002404                main
 .text.xcp_void_printf
                0x08002590       0x12 xcp_ext_common.o
                0x08002590                xcp_void_printf
 .text.xcpCopyTimeValue
                0x080025a2       0x26 xcp_ext_common.o
 .text.xcpExtModeUpdateTime
                0x080025c8      0x13c xcp_ext_common.o
                0x080025c8                xcpExtModeUpdateTime
 .text.xcpExtModeInit
                0x08002704       0xb0 xcp_ext_common.o
                0x08002704                xcpExtModeInit
 .text.xcpExtModeRunBackground
                0x080027b4      0x13c xcp_ext_common.o
                0x080027b4                xcpExtModeRunBackground
 .text.xcpExtModeReset
                0x080028f0      0x128 xcp_ext_common.o
                0x080028f0                xcpExtModeReset
 .text.sampleSignalTrigger
                0x08002a18      0x1b4 xcp_ext_classic_trigger.o
 .text.updateTriggerStatus
                0x08002bcc      0x2b8 xcp_ext_classic_trigger.o
 .text.xcpExtModeClassicTriggerInit
                0x08002e84       0x68 xcp_ext_classic_trigger.o
                0x08002e84                xcpExtModeClassicTriggerInit
 .text.xcpExtModeClassicTriggerEnabled
                0x08002eec      0x100 xcp_ext_classic_trigger.o
                0x08002eec                xcpExtModeClassicTriggerEnabled
 .text.xcpExtModeClassicTriggerReset
                0x08002fec       0xf4 xcp_ext_classic_trigger.o
                0x08002fec                xcpExtModeClassicTriggerReset
 .text.xcpExtModeClassicTriggerForceEnableStatusUpdate
                0x080030e0       0x78 xcp_ext_classic_trigger.o
                0x080030e0                xcpExtModeClassicTriggerForceEnableStatusUpdate
 .text.msgBufferRealloc
                0x08003158       0x72 xcp.o
 *fill*         0x080031ca        0x2 
 .text.discardInputPacketHandler
                0x080031cc       0x3c xcp.o
 .text.unknownInputPacketHandler
                0x08003208       0x34 xcp.o
 .text.xcpGetPacketGroupID
                0x0800323c       0x74 xcp.o
 .text.xcpGetPacketHandlers
                0x080032b0      0x124 xcp.o
 .text.xcpStatusSet
                0x080033d4       0x20 xcp.o
                0x080033d4                xcpStatusSet
 .text.xcpSessionStatusGet
                0x080033f4       0x18 xcp.o
                0x080033f4                xcpSessionStatusGet
 .text.xcpSessionStatusSetMask
                0x0800340c       0x28 xcp.o
                0x0800340c                xcpSessionStatusSetMask
 .text.xcpSessionStatusClearMask
                0x08003434       0x34 xcp.o
                0x08003434                xcpSessionStatusClearMask
 .text.xcpResourceProtectionStatusGet
                0x08003468       0x18 xcp.o
                0x08003468                xcpResourceProtectionStatusGet
 .text.xcpSessionConfigurationIdGet
                0x08003480       0x18 xcp.o
                0x08003480                xcpSessionConfigurationIdGet
 .text.genericOutputPacketHandler
                0x08003498      0x11c xcp.o
                0x08003498                genericOutputPacketHandler
 .text.xcpFindPacket
                0x080035b4       0x6e xcp.o
                0x080035b4                xcpFindPacket
 *fill*         0x08003622        0x2 
 .text.xcpInit  0x08003624       0x64 xcp.o
                0x08003624                xcpInit
 .text.xcpRun   0x08003688      0x194 xcp.o
                0x08003688                xcpRun
 .text.xcpEvent
                0x0800381c       0x50 xcp.o
                0x0800381c                xcpEvent
 .text.xcpGetStatus
                0x0800386c       0x18 xcp.o
                0x0800386c                xcpGetStatus
 .text.xcpReset
                0x08003884       0x40 xcp.o
                0x08003884                xcpReset
 .text.xcpPackedModeEventsFlush
                0x080038c4       0x1e xcp.o
                0x080038c4                xcpPackedModeEventsFlush
 .text.xcpPackedModeEventReset
                0x080038e2       0x2a xcp.o
                0x080038e2                xcpPackedModeEventReset
 .text.isValidUploadSize
                0x0800390c       0x30 xcp_standard.o
 .text.xcpMemcpyFromMTA
                0x0800393c       0x38 xcp_standard.o
 .text.connectInputPacketHandler
                0x08003974       0xa4 xcp_standard.o
 .text.connectOutputPacketHandler
                0x08003a18       0xd4 xcp_standard.o
 .text.disconnectInputPacketHandler
                0x08003aec       0x54 xcp_standard.o
 .text.getStatusInputPacketHandler
                0x08003b40       0x28 xcp_standard.o
 .text.getStatusOutputPacketHandler
                0x08003b68       0x80 xcp_standard.o
 .text.synchInputPacketHandler
                0x08003be8       0x44 xcp_standard.o
 .text.setMTAInputPacketHandler
                0x08003c2c       0x78 xcp_standard.o
 .text.uploadInputPacketHandler
                0x08003ca4       0x98 xcp_standard.o
 .text.uploadOutputPacketHandler
                0x08003d3c       0x9c xcp_standard.o
 .text.shortUploadInputPacketHandler
                0x08003dd8       0xa4 xcp_standard.o
 .text.shortUploadOutputPacketHandler
                0x08003e7c       0x9c xcp_standard.o
 .text.getPacket
                0x08003f18       0x24 xcp_standard.o
 .text.xcpStandardInit
                0x08003f3c       0x18 xcp_standard.o
                0x08003f3c                xcpStandardInit
 .text.xcpStandardGetPacketLookup
                0x08003f54       0x18 xcp_standard.o
                0x08003f54                xcpStandardGetPacketLookup
 .text.xcpStandardSetPacketLookup
                0x08003f6c       0x20 xcp_standard.o
                0x08003f6c                xcpStandardSetPacketLookup
 .text.xcpStandardReset
                0x08003f8c       0x12 xcp_standard.o
                0x08003f8c                xcpStandardReset
 *fill*         0x08003f9e        0x2 
 .text.xcpStandardGetAddressFromMta
                0x08003fa0       0x18 xcp_standard.o
                0x08003fa0                xcpStandardGetAddressFromMta
 .text.xcpStandardSetMta
                0x08003fb8       0x3c xcp_standard.o
                0x08003fb8                xcpStandardSetMta
 .text.xcpStandardIncrementMta
                0x08003ff4       0x28 xcp_standard.o
                0x08003ff4                xcpStandardIncrementMta
 .text.xcpStandardExtendedInit
                0x0800401c        0xe xcp_standard.o
                0x0800401c                xcpStandardExtendedInit
 .text.xcpStandardExtendedReset
                0x0800402a        0xe xcp_standard.o
                0x0800402a                xcpStandardExtendedReset
 .text.xcpDaqWriteLock
                0x08004038       0x4c xcp_daq.o
 .text.xcpDaqWriteUnlock
                0x08004084       0x20 xcp_daq.o
 .text.xcpDaqReadLock
                0x080040a4       0x38 xcp_daq.o
 .text.xcpDaqReadUnlock
                0x080040dc       0x38 xcp_daq.o
 .text.isActiveDaqList
                0x08004114       0x50 xcp_daq.o
 .text.noActiveDaqLists
                0x08004164       0x50 xcp_daq.o
 .text.isValidDaqPtr
                0x080041b4       0xb8 xcp_daq.o
 .text.isValidDaqEntry
                0x0800426c       0x36 xcp_daq.o
 .text.isSupportedDaqListMode
                0x080042a2       0x26 xcp_daq.o
 .text.isValidStartStopMode
                0x080042c8       0x32 xcp_daq.o
 .text.isValidStartStopSynchMode
                0x080042fa       0x32 xcp_daq.o
 .text.absoluteOdtNumberIdentification
                0x0800432c       0x10 xcp_daq.o
 .text.isDaqPackedModeEnabled
                0x0800433c       0x6c xcp_daq.o
 .text.odtPacketSize
                0x080043a8       0x54 xcp_daq.o
 .text.createDaqReservedPool
                0x080043fc       0x88 xcp_daq.o
 .text.destroyDaqReservedPool
                0x08004484       0x2c xcp_daq.o
 .text.setDaqPtrInputPacketHandler
                0x080044b0       0xdc xcp_daq.o
 .text.writeDaqInputPacketHandler
                0x0800458c      0x198 xcp_daq.o
 .text.setDaqListModeInputPacketHandler
                0x08004724      0x1c8 xcp_daq.o
 .text.startStopDaqListInputPacketHandler
                0x080048ec      0x3f4 xcp_daq.o
 .text.startStopDaqListOutputPacketHandler
                0x08004ce0       0x5c xcp_daq.o
 .text.startStopSynchInputPacketHandler
                0x08004d3c      0x328 xcp_daq.o
 .text.getDaqProcessorInfoInputPacketHandler
                0x08005064       0x28 xcp_daq.o
 .text.getDaqProcessorInfoOutputPacketHandler
                0x0800508c       0xac xcp_daq.o
 .text.getDaqResolutionInfoInputPacketHandler
                0x08005138       0x28 xcp_daq.o
 .text.getDaqResolutionInfoOutputPacketHandler
                0x08005160       0xb8 xcp_daq.o
 .text.freeDaqInputPacketHandler
                0x08005218       0x5c xcp_daq.o
 .text.allocDaqInputPacketHandler
                0x08005274      0x18c xcp_daq.o
 .text.allocOdtInputPacketHandler
                0x08005400      0x1c0 xcp_daq.o
 .text.allocOdtEntryInputPacketHandler
                0x080055c0      0x270 xcp_daq.o
 .text.getDaqClockInputPacketHandler
                0x08005830       0x22 xcp_daq.o
 *fill*         0x08005852        0x2 
 .text.setDaqPackedModeInputPacketHandler
                0x08005854      0x21c xcp_daq.o
 .text.level1CommandInputPacketHandler
                0x08005a70       0x64 xcp_daq.o
 .text.getPacket
                0x08005ad4       0x24 xcp_daq.o
 .text.xcpDaqInit
                0x08005af8       0x38 xcp_daq.o
                0x08005af8                xcpDaqInit
 .text.xcpDaqGetPacketLookup
                0x08005b30       0x18 xcp_daq.o
                0x08005b30                xcpDaqGetPacketLookup
 .text.xcpDaqSetPacketLookup
                0x08005b48       0x20 xcp_daq.o
                0x08005b48                xcpDaqSetPacketLookup
 .text.xcpResetDaq
                0x08005b68       0xa4 xcp_daq.o
 .text.daqWriteXCPDataForOdt
                0x08005c0c       0x7c xcp_daq.o
 .text.odtWriteEntries
                0x08005c88       0x9c xcp_daq.o
 .text.xcpProcessDaq
                0x08005d24      0x208 xcp_daq.o
 .text.xcpDaqEvent
                0x08005f2c      0x108 xcp_daq.o
                0x08005f2c                xcpDaqEvent
 .text.xcpDaqEventsFlush
                0x08006034      0x284 xcp_daq.o
                0x08006034                xcpDaqEventsFlush
 .text.xcpDaqLock
                0x080062b8       0x1e xcp_daq.o
                0x080062b8                xcpDaqLock
 .text.xcpDaqUnlock
                0x080062d6        0xe xcp_daq.o
                0x080062d6                xcpDaqUnlock
 .text.xcpResetDaqListStatus
                0x080062e4      0x19c xcp_daq.o
                0x080062e4                xcpResetDaqListStatus
 .text.xcpDaqReset
                0x08006480       0x20 xcp_daq.o
                0x08006480                xcpDaqReset
 .text.xcpDaqExtendedInit
                0x080064a0        0xe xcp_daq.o
                0x080064a0                xcpDaqExtendedInit
 .text.xcpDaqExtendedReset
                0x080064ae        0xe xcp_daq.o
                0x080064ae                xcpDaqExtendedReset
 .text.isValidShortDownloadSize
                0x080064bc       0x34 xcp_calibration.o
 .text.isValidDownloadSize
                0x080064f0       0x3a xcp_calibration.o
 *fill*         0x0800652a        0x2 
 .text.xcpMemcpyToMTA
                0x0800652c       0x34 xcp_calibration.o
 .text.downloadInputPacketHandler
                0x08006560       0xb0 xcp_calibration.o
 .text.shortDownloadInputPacketHandler
                0x08006610       0xb8 xcp_calibration.o
 .text.getPacket
                0x080066c8       0x24 xcp_calibration.o
 .text.xcpCalibrationInit
                0x080066ec       0x14 xcp_calibration.o
                0x080066ec                xcpCalibrationInit
 .text.xcpCalibrationGetPacketLookup
                0x08006700       0x18 xcp_calibration.o
                0x08006700                xcpCalibrationGetPacketLookup
 .text.xcpCalibrationSetPacketLookup
                0x08006718       0x20 xcp_calibration.o
                0x08006718                xcpCalibrationSetPacketLookup
 .text.xcpCalibrationReset
                0x08006738        0xe xcp_calibration.o
                0x08006738                xcpCalibrationReset
 .text.xcpFifoInit
                0x08006746       0x20 xcp_fifo.o
                0x08006746                xcpFifoInit
 .text.xcpFifoEnqueue
                0x08006766       0x2a xcp_fifo.o
                0x08006766                xcpFifoEnqueue
 .text.xcpFifoDequeue
                0x08006790       0x3e xcp_fifo.o
                0x08006790                xcpFifoDequeue
 .text.xcpFifoEnqueueHead
                0x080067ce       0x32 xcp_fifo.o
                0x080067ce                xcpFifoEnqueueHead
 .text.xcpFifoReset
                0x08006800       0x16 xcp_fifo.o
                0x08006800                xcpFifoReset
 *fill*         0x08006816        0x2 
 .text.xcpTransportEmptyTxFifo
                0x08006818       0x6c xcp_transport.o
 .text.xcpTransportEmptyRxFifo
                0x08006884       0x6c xcp_transport.o
 .text.xcpTransportInit
                0x080068f0      0x138 xcp_transport.o
                0x080068f0                xcpTransportInit
 .text.xcpTransportTxReady
                0x08006a28       0x1a xcp_transport.o
                0x08006a28                xcpTransportTxReady
 .text.xcpTransportTxTrigger
                0x08006a42       0x1a xcp_transport.o
                0x08006a42                xcpTransportTxTrigger
 .text.xcpTransportTxPacketSet
                0x08006a5c      0x144 xcp_transport.o
                0x08006a5c                xcpTransportTxPacketSet
 .text.xcpTransportTx
                0x08006ba0       0xec xcp_transport.o
                0x08006ba0                xcpTransportTx
 .text.xcpTransportRx
                0x08006c8c       0x80 xcp_transport.o
                0x08006c8c                xcpTransportRx
 .text.xcpTransportRxPacketGet
                0x08006d0c      0x12c xcp_transport.o
                0x08006d0c                xcpTransportRxPacketGet
 .text.xcpTransportPacketOffset
                0x08006e38       0x20 xcp_transport.o
                0x08006e38                xcpTransportPacketOffset
 .text.xcpTransportMsgBufferSize
                0x08006e58       0x70 xcp_transport.o
                0x08006e58                xcpTransportMsgBufferSize
 .text.xcpTransportMaxDtoSize
                0x08006ec8        0xe xcp_transport.o
                0x08006ec8                xcpTransportMaxDtoSize
 .text.xcpTransportMaxCtoSize
                0x08006ed6        0xe xcp_transport.o
                0x08006ed6                xcpTransportMaxCtoSize
 .text.xcpTransportRestart
                0x08006ee4       0x44 xcp_transport.o
                0x08006ee4                xcpTransportRestart
 .text.xcpTransportResynch
                0x08006f28       0x40 xcp_transport.o
                0x08006f28                xcpTransportResynch
 .text.xcpTransportCtoReservedMemPoolId
                0x08006f68       0x18 xcp_transport.o
                0x08006f68                xcpTransportCtoReservedMemPoolId
 .text.xcpTransportReset
                0x08006f80       0xe4 xcp_transport.o
                0x08006f80                xcpTransportReset
 .text.xcpInitializePoolMemoryArea
                0x08007064       0x72 xcp_mem_default.o
 *fill*         0x080070d6        0x2 
 .text.xcpMemInit
                0x080070d8      0x1d4 xcp_mem_default.o
                0x080070d8                xcpMemInit
 .text.xcpMemAlloc
                0x080072ac       0xe8 xcp_mem_default.o
                0x080072ac                xcpMemAlloc
 .text.xcpMemFree
                0x08007394      0x170 xcp_mem_default.o
                0x08007394                xcpMemFree
 .text.xcpMemReservedPoolCreate
                0x08007504      0x224 xcp_mem_default.o
                0x08007504                xcpMemReservedPoolCreate
 .text.xcpMemReservedPoolDestroy
                0x08007728      0x158 xcp_mem_default.o
                0x08007728                xcpMemReservedPoolDestroy
 .text.xcpMemCustomPoolCreate
                0x08007880       0xbc xcp_mem_default.o
                0x08007880                xcpMemCustomPoolCreate
 .text.xcpMemCustomPoolDestroy
                0x0800793c       0x64 xcp_mem_default.o
                0x0800793c                xcpMemCustomPoolDestroy
 .text.xcpMemAllocFromPool
                0x080079a0      0x170 xcp_mem_default.o
                0x080079a0                xcpMemAllocFromPool
 .text.xcpMemReset
                0x08007b10       0x50 xcp_mem_default.o
                0x08007b10                xcpMemReset
 .text.xcpDrvOpen
                0x08007b60       0x64 xcp_drv_rtiostream.o
                0x08007b60                xcpDrvOpen
 .text.xcpDrvIoctl
                0x08007bc4       0x4c xcp_drv_rtiostream.o
                0x08007bc4                xcpDrvIoctl
 .text.xcpDrvSend
                0x08007c10      0x14c xcp_drv_rtiostream.o
                0x08007c10                xcpDrvSend
 .text.xcpDrvRecv
                0x08007d5c      0x14c xcp_drv_rtiostream.o
                0x08007d5c                xcpDrvRecv
 .text.xcpDrvClose
                0x08007ea8       0x5c xcp_drv_rtiostream.o
                0x08007ea8                xcpDrvClose
 .text.xcpSortArray
                0x08007f04       0xcc xcp_utils.o
                0x08007f04                xcpSortArray
 .text.xcpSxiHtons
                0x08007fd0       0x18 xcp_frame_serial.o
 .text.xcpSxiNtohs
                0x08007fe8       0x1c xcp_frame_serial.o
 .text.xcpSxiChecksum
                0x08008004       0x3e xcp_frame_serial.o
                0x08008004                xcpSxiChecksum
 *fill*         0x08008042        0x2 
 .text.xcpFrameInit
                0x08008044       0x70 xcp_frame_serial.o
                0x08008044                xcpFrameInit
 .text.xcpFrameMsgSend
                0x080080b4      0x188 xcp_frame_serial.o
                0x080080b4                xcpFrameMsgSend
 .text.xcpFrameMsgRecv
                0x0800823c      0x180 xcp_frame_serial.o
                0x0800823c                xcpFrameMsgRecv
 .text.xcpFrameCreateMsg
                0x080083bc       0x94 xcp_frame_serial.o
                0x080083bc                xcpFrameCreateMsg
 .text.xcpFrameExtractPacket
                0x08008450      0x158 xcp_frame_serial.o
                0x08008450                xcpFrameExtractPacket
 .text.xcpFrameHeaderSize
                0x080085a8       0x10 xcp_frame_serial.o
                0x080085a8                xcpFrameHeaderSize
 .text.xcpFrameTailSize
                0x080085b8       0x10 xcp_frame_serial.o
                0x080085b8                xcpFrameTailSize
 .text.xcpFrameMaxDtoSize
                0x080085c8       0x12 xcp_frame_serial.o
                0x080085c8                xcpFrameMaxDtoSize
 .text.xcpFrameMaxCtoSize
                0x080085da       0x10 xcp_frame_serial.o
                0x080085da                xcpFrameMaxCtoSize
 *fill*         0x080085ea        0x2 
 .text.xcpFrameRestart
                0x080085ec       0x30 xcp_frame_serial.o
                0x080085ec                xcpFrameRestart
 .text.xcpFrameSetCtoReservedMemPoolId
                0x0800861c       0x20 xcp_frame_serial.o
                0x0800861c                xcpFrameSetCtoReservedMemPoolId
 .text.xcpFrameReset
                0x0800863c       0x70 xcp_frame_serial.o
                0x0800863c                xcpFrameReset
 .text.xcpTransportGetInitParameters
                0x080086ac       0x2e xcp_ext_param_default_serial.o
                0x080086ac                xcpTransportGetInitParameters
 .text.xcpGetInitParameters
                0x080086da       0x2e xcp_ext_param_default_serial.o
                0x080086da                xcpGetInitParameters
 .text.HAL_Delay
                0x08008708       0x2e overrideHALDelay.o
                0x08008708                HAL_Delay
 *fill*         0x08008736        0x2 
 .text.PeriphCommonClock_Config
                0x08008738       0x10 platform_timer.o
                0x08008738                PeriphCommonClock_Config
 .text.getCurrentTimestampInMicros
                0x08008748       0x3c platform_timer.o
                0x08008748                getCurrentTimestampInMicros
 .text.returnTimeElapsed
                0x08008784       0x2c platform_timer.o
                0x08008784                returnTimeElapsed
 .text.timestampInit
                0x080087b0       0x28 platform_timer.o
 .text.getCurrentTimestamp
                0x080087d8       0x44 platform_timer.o
                0x080087d8                getCurrentTimestamp
 .text.__NVIC_SetPriority
                0x0800881c       0x54 SysTickScheduler.o
 .text.SysTick_Config
                0x08008870       0x44 SysTickScheduler.o
 .text.SysTick_Isr
                0x080088b4       0x48 SysTickScheduler.o
 .text.SysTick_Handler
                0x080088fc       0x20 SysTickScheduler.o
                0x080088fc                SysTick_Handler
 .text.ARMCM_SysTick_Config
                0x0800891c       0xb0 SysTickScheduler.o
                0x0800891c                ARMCM_SysTick_Config
 .text.PendSV_Handler
                0x080089cc       0x44 m3m4m4f_multitasking.o
                0x080089cc                PendSV_Handler
 .text.SVC_Handler
                0x08008a10       0x58 m3m4m4f_multitasking.o
                0x08008a10                SVC_Handler
 .text.rtIOStreamOpen
                0x08008a68       0x44 rtiostream_serial.o
                0x08008a68                rtIOStreamOpen
 .text.rtIOStreamSend
                0x08008aac       0x38 rtiostream_serial.o
                0x08008aac                rtIOStreamSend
 .text.rtIOStreamRecv
                0x08008ae4       0x48 rtiostream_serial.o
                0x08008ae4                rtIOStreamRecv
 .text.rtIOStreamClose
                0x08008b2c       0x20 rtiostream_serial.o
                0x08008b2c                rtIOStreamClose
 .text.LL_DMA_GetDataLength
                0x08008b4c       0x30 stm_usart.o
 .text.getAvailableDataInBuffer
                0x08008b7c       0xcc stm_usart.o
                0x08008b7c                getAvailableDataInBuffer
 .text.getBytesToBeReadFromBuffer
                0x08008c48       0x6e stm_usart.o
                0x08008c48                getBytesToBeReadFromBuffer
 *fill*         0x08008cb6        0x2 
 .text.readDataFromBuffer
                0x08008cb8       0xdc stm_usart.o
                0x08008cb8                readDataFromBuffer
 .text.__NVIC_GetPriorityGrouping
                0x08008d94       0x1c stm_lpuart.o
 .text.__NVIC_EnableIRQ
                0x08008db0       0x3c stm_lpuart.o
 .text.__NVIC_SetPriority
                0x08008dec       0x54 stm_lpuart.o
 .text.NVIC_EncodePriority
                0x08008e40       0x66 stm_lpuart.o
 *fill*         0x08008ea6        0x2 
 .text.LL_DMA_EnableChannel
                0x08008ea8       0x44 stm_lpuart.o
 .text.LL_DMA_DisableChannel
                0x08008eec       0x44 stm_lpuart.o
 .text.LL_DMA_GetMode
                0x08008f30       0x34 stm_lpuart.o
 .text.LL_DMA_SetDataLength
                0x08008f64       0x4c stm_lpuart.o
 .text.LL_DMA_ConfigAddresses
                0x08008fb0       0x7c stm_lpuart.o
 .text.LL_DMA_IsActiveFlag_TC1
                0x0800902c       0x26 stm_lpuart.o
 .text.LL_DMA_ClearFlag_TC1
                0x08009052       0x1a stm_lpuart.o
 .text.LL_DMA_EnableIT_TC
                0x0800906c       0x44 stm_lpuart.o
 .text.LL_DMA_DisableIT_TC
                0x080090b0       0x44 stm_lpuart.o
 .text.LL_DMA_IsEnabledIT_TC
                0x080090f4       0x3c stm_lpuart.o
 .text.LL_LPUART_Enable
                0x08009130       0x20 stm_lpuart.o
 .text.LL_LPUART_Disable
                0x08009150       0x20 stm_lpuart.o
 .text.LL_LPUART_IsEnabled
                0x08009170       0x26 stm_lpuart.o
 .text.LL_LPUART_IsActiveFlag_PE
                0x08009196       0x26 stm_lpuart.o
 .text.LL_LPUART_IsActiveFlag_FE
                0x080091bc       0x26 stm_lpuart.o
 .text.LL_LPUART_IsActiveFlag_NE
                0x080091e2       0x26 stm_lpuart.o
 .text.LL_LPUART_IsActiveFlag_ORE
                0x08009208       0x26 stm_lpuart.o
 .text.LL_LPUART_IsActiveFlag_TC
                0x0800922e       0x26 stm_lpuart.o
 .text.LL_LPUART_IsActiveFlag_TXE_TXFNF
                0x08009254       0x26 stm_lpuart.o
 .text.LL_LPUART_ClearFlag_PE
                0x0800927a       0x1a stm_lpuart.o
 .text.LL_LPUART_ClearFlag_FE
                0x08009294       0x1a stm_lpuart.o
 .text.LL_LPUART_ClearFlag_NE
                0x080092ae       0x1a stm_lpuart.o
 .text.LL_LPUART_ClearFlag_ORE
                0x080092c8       0x1a stm_lpuart.o
 .text.LL_LPUART_EnableIT_RXNE_RXFNE
                0x080092e2       0x42 stm_lpuart.o
 .text.LL_LPUART_EnableIT_PE
                0x08009324       0x42 stm_lpuart.o
 .text.LL_LPUART_EnableIT_ERROR
                0x08009366       0x46 stm_lpuart.o
 .text.LL_LPUART_DisableIT_RXNE_RXFNE
                0x080093ac       0x42 stm_lpuart.o
 .text.LL_LPUART_DisableIT_TXE_TXFNF
                0x080093ee       0x42 stm_lpuart.o
 .text.LL_LPUART_DisableIT_PE
                0x08009430       0x42 stm_lpuart.o
 .text.LL_LPUART_DisableIT_ERROR
                0x08009472       0x46 stm_lpuart.o
 .text.LL_LPUART_EnableDMAReq_RX
                0x080094b8       0x46 stm_lpuart.o
 .text.LL_LPUART_DisableDMAReq_RX
                0x080094fe       0x46 stm_lpuart.o
 .text.LL_LPUART_EnableDMAReq_TX
                0x08009544       0x46 stm_lpuart.o
 .text.LL_LPUART_DisableDMAReq_TX
                0x0800958a       0x46 stm_lpuart.o
 .text.LL_LPUART_DMA_GetRegAddr
                0x080095d0       0x2c stm_lpuart.o
 .text.LL_LPUART_ReceiveData8
                0x080095fc       0x1a stm_lpuart.o
 .text.LL_LPUART_TransmitData8
                0x08009616       0x1e stm_lpuart.o
 .text.LPUART_RXDMAInterruptHandler
                0x08009634       0xd4 stm_lpuart.o
                0x08009634                LPUART_RXDMAInterruptHandler
 .text.LPUART_IsActiveFlagError
                0x08009708       0xf4 stm_lpuart.o
                0x08009708                LPUART_IsActiveFlagError
 .text.LPUART1_IRQHandler
                0x080097fc       0x14 stm_lpuart.o
                0x080097fc                LPUART1_IRQHandler
 .text.DMA1_Channel1_IRQHandler
                0x08009810       0x20 stm_lpuart.o
                0x08009810                DMA1_Channel1_IRQHandler
 .text.LPUART_ConfigureReceiveDMA
                0x08009830       0xae stm_lpuart.o
                0x08009830                LPUART_ConfigureReceiveDMA
 .text.LPUART_ConfigureTransmitDMA
                0x080098de       0x7a stm_lpuart.o
                0x080098de                LPUART_ConfigureTransmitDMA
 .text.MW_LPUART_GetReadErrorStatus
                0x08009958       0xc8 stm_lpuart.o
                0x08009958                MW_LPUART_GetReadErrorStatus
 .text.MW_LPUART_Initialize
                0x08009a20      0x170 stm_lpuart.o
                0x08009a20                MW_LPUART_Initialize
 .text.MW_LPUART_ReceiveUsingBuffer
                0x08009b90       0x5c stm_lpuart.o
                0x08009b90                MW_LPUART_ReceiveUsingBuffer
 .text.MW_LPUART_TransmitUsingPolling
                0x08009bec      0x184 stm_lpuart.o
                0x08009bec                MW_LPUART_TransmitUsingPolling
 .text.MW_LPUART_DeInit
                0x08009d70       0xaa stm_lpuart.o
                0x08009d70                MW_LPUART_DeInit
 .text.sys_arch_protect
                0x08009e1a       0x22 sys_arch.o
                0x08009e1a                sys_arch_protect
 .text.sys_arch_unprotect
                0x08009e3c       0x20 sys_arch.o
                0x08009e3c                sys_arch_unprotect
 .text.__NVIC_GetPriorityGrouping
                0x08009e5c       0x1c main.o
 .text.__NVIC_EnableIRQ
                0x08009e78       0x3c main.o
 .text.__NVIC_SetPriority
                0x08009eb4       0x54 main.o
 .text.NVIC_EncodePriority
                0x08009f08       0x66 main.o
 *fill*         0x08009f6e        0x2 
 .text.LL_DMA_SetDataTransferDirection
                0x08009f70       0x50 main.o
 .text.LL_DMA_SetMode
                0x08009fc0       0x4c main.o
 .text.LL_DMA_SetPeriphIncMode
                0x0800a00c       0x4c main.o
 .text.LL_DMA_SetMemoryIncMode
                0x0800a058       0x4c main.o
 .text.LL_DMA_SetPeriphSize
                0x0800a0a4       0x4c main.o
 .text.LL_DMA_SetMemorySize
                0x0800a0f0       0x4c main.o
 .text.LL_DMA_SetChannelPriorityLevel
                0x0800a13c       0x4c main.o
 .text.LL_DMA_SetPeriphRequest
                0x0800a188       0x54 main.o
 .text.LL_LPUART_Enable
                0x0800a1dc       0x20 main.o
 .text.LL_LPUART_DisableFIFO
                0x0800a1fc       0x20 main.o
 .text.LL_LPUART_SetTXFIFOThreshold
                0x0800a21c       0x4e main.o
 .text.LL_LPUART_SetRXFIFOThreshold
                0x0800a26a       0x4e main.o
 .text.LL_LPUART_IsActiveFlag_TEACK
                0x0800a2b8       0x28 main.o
 .text.LL_LPUART_IsActiveFlag_REACK
                0x0800a2e0       0x28 main.o
 .text.LL_RCC_HSI_Enable
                0x0800a308       0x20 main.o
 .text.LL_RCC_HSI_IsReady
                0x0800a328       0x28 main.o
 .text.LL_RCC_HSI_SetCalibTrimming
                0x0800a350       0x2c main.o
 .text.LL_RCC_SetSysClkSource
                0x0800a37c       0x28 main.o
 .text.LL_RCC_GetSysClkSource
                0x0800a3a4       0x1c main.o
 .text.LL_RCC_SetAHBPrescaler
                0x0800a3c0       0x28 main.o
 .text.LL_RCC_SetAPB1Prescaler
                0x0800a3e8       0x28 main.o
 .text.LL_RCC_SetAPB2Prescaler
                0x0800a410       0x28 main.o
 .text.LL_RCC_SetLPUARTClockSource
                0x0800a438       0x2c main.o
 .text.LL_RCC_PLL_Enable
                0x0800a464       0x20 main.o
 .text.LL_RCC_PLL_IsReady
                0x0800a484       0x28 main.o
 .text.LL_RCC_PLL_ConfigDomain_SYS
                0x0800a4ac       0x40 main.o
 .text.LL_RCC_PLL_EnableDomain_SYS
                0x0800a4ec       0x20 main.o
 .text.LL_AHB1_GRP1_EnableClock
                0x0800a50c       0x30 main.o
 .text.LL_AHB2_GRP1_EnableClock
                0x0800a53c       0x30 main.o
 .text.LL_APB1_GRP1_EnableClock
                0x0800a56c       0x30 main.o
 .text.LL_APB1_GRP2_EnableClock
                0x0800a59c       0x30 main.o
 .text.LL_APB2_GRP1_EnableClock
                0x0800a5cc       0x30 main.o
 .text.LL_SYSCFG_SetEXTISource
                0x0800a5fc       0x70 main.o
 .text.LL_FLASH_SetLatency
                0x0800a66c       0x28 main.o
 .text.LL_FLASH_GetLatency
                0x0800a694       0x1c main.o
 .text.LL_PWR_EnableRange1BoostMode
                0x0800a6b0       0x24 main.o
 .text.LL_TIM_DisableARRPreload
                0x0800a6d4       0x20 main.o
 .text.LL_TIM_IC_SetActiveInput
                0x0800a6f4       0xc0 main.o
 .text.LL_TIM_IC_SetPrescaler
                0x0800a7b4       0xc0 main.o
 .text.LL_TIM_IC_SetFilter
                0x0800a874       0xc0 main.o
 .text.LL_TIM_IC_SetPolarity
                0x0800a934       0xac main.o
 .text.LL_TIM_SetEncoderMode
                0x0800a9e0       0x2a main.o
 .text.LL_TIM_SetTriggerOutput
                0x0800aa0a       0x2a main.o
 .text.LL_TIM_SetTriggerOutput2
                0x0800aa34       0x26 main.o
 .text.LL_TIM_DisableMasterSlaveMode
                0x0800aa5a       0x20 main.o
 .text.LL_GPIO_SetPinMode
                0x0800aa7a       0x7a main.o
 .text.LL_GPIO_SetPinPull
                0x0800aaf4       0x7a main.o
 .text.LL_GPIO_ResetOutputPin
                0x0800ab6e       0x1c main.o
 *fill*         0x0800ab8a        0x2 
 .text.SystemClock_Config
                0x0800ab8c       0xc8 main.o
                0x0800ab8c                SystemClock_Config
 .text.MX_LPUART1_UART_Init
                0x0800ac54      0x148 main.o
                0x0800ac54                MX_LPUART1_UART_Init
 .text.MX_TIM1_Init
                0x0800ad9c      0x12c main.o
                0x0800ad9c                MX_TIM1_Init
 .text.MX_TIM3_Init
                0x0800aec8      0x114 main.o
                0x0800aec8                MX_TIM3_Init
 .text.MX_TIM4_Init
                0x0800afdc      0x118 main.o
                0x0800afdc                MX_TIM4_Init
 .text.MX_DMA_Init
                0x0800b0f4       0x34 main.o
                0x0800b0f4                MX_DMA_Init
 .text.MX_GPIO_Init
                0x0800b128      0x104 main.o
                0x0800b128                MX_GPIO_Init
 .text.HAL_TIM_PeriodElapsedCallback
                0x0800b22c       0x1e main.o
                0x0800b22c                HAL_TIM_PeriodElapsedCallback
 .text.Error_Handler
                0x0800b24a        0xc main.o
                0x0800b24a                Error_Handler
 *fill*         0x0800b256        0x2 
 .text.LL_EXTI_IsActiveFlag_0_31
                0x0800b258       0x2c stm32g4xx_it.o
 .text.LL_EXTI_ClearFlag_0_31
                0x0800b284       0x20 stm32g4xx_it.o
 .text.NMI_Handler
                0x0800b2a4        0x8 stm32g4xx_it.o
                0x0800b2a4                NMI_Handler
 .text.HardFault_Handler
                0x0800b2ac        0x8 stm32g4xx_it.o
                0x0800b2ac                HardFault_Handler
 .text.MemManage_Handler
                0x0800b2b4        0x8 stm32g4xx_it.o
                0x0800b2b4                MemManage_Handler
 .text.BusFault_Handler
                0x0800b2bc        0x8 stm32g4xx_it.o
                0x0800b2bc                BusFault_Handler
 .text.UsageFault_Handler
                0x0800b2c4        0x8 stm32g4xx_it.o
                0x0800b2c4                UsageFault_Handler
 .text.DebugMon_Handler
                0x0800b2cc        0xe stm32g4xx_it.o
                0x0800b2cc                DebugMon_Handler
 *fill*         0x0800b2da        0x2 
 .text.TIM2_IRQHandler
                0x0800b2dc       0x14 stm32g4xx_it.o
                0x0800b2dc                TIM2_IRQHandler
 .text.EXTI15_10_IRQHandler
                0x0800b2f0       0x1e stm32g4xx_it.o
                0x0800b2f0                EXTI15_10_IRQHandler
 *fill*         0x0800b30e        0x2 
 .text.HAL_MspInit
                0x0800b310       0x48 stm32g4xx_hal_msp.o
                0x0800b310                HAL_MspInit
 .text.HAL_InitTick
                0x0800b358       0xdc stm32g4xx_hal_timebase_tim.o
                0x0800b358                HAL_InitTick
 .text.LL_SetSystemCoreClock
                0x0800b434       0x20 stm32g4xx_ll_utils.o
                0x0800b434                LL_SetSystemCoreClock
 .text.LL_EXTI_EnableIT_0_31
                0x0800b454       0x24 stm32g4xx_ll_exti.o
 .text.LL_EXTI_EnableIT_32_63
                0x0800b478       0x24 stm32g4xx_ll_exti.o
 .text.LL_EXTI_DisableIT_0_31
                0x0800b49c       0x28 stm32g4xx_ll_exti.o
 .text.LL_EXTI_DisableIT_32_63
                0x0800b4c4       0x28 stm32g4xx_ll_exti.o
 .text.LL_EXTI_EnableEvent_0_31
                0x0800b4ec       0x24 stm32g4xx_ll_exti.o
 .text.LL_EXTI_EnableEvent_32_63
                0x0800b510       0x24 stm32g4xx_ll_exti.o
 .text.LL_EXTI_DisableEvent_0_31
                0x0800b534       0x28 stm32g4xx_ll_exti.o
 .text.LL_EXTI_DisableEvent_32_63
                0x0800b55c       0x28 stm32g4xx_ll_exti.o
 .text.LL_EXTI_EnableRisingTrig_0_31
                0x0800b584       0x24 stm32g4xx_ll_exti.o
 .text.LL_EXTI_EnableRisingTrig_32_63
                0x0800b5a8       0x24 stm32g4xx_ll_exti.o
 .text.LL_EXTI_DisableRisingTrig_0_31
                0x0800b5cc       0x28 stm32g4xx_ll_exti.o
 .text.LL_EXTI_DisableRisingTrig_32_63
                0x0800b5f4       0x28 stm32g4xx_ll_exti.o
 .text.LL_EXTI_EnableFallingTrig_0_31
                0x0800b61c       0x24 stm32g4xx_ll_exti.o
 .text.LL_EXTI_EnableFallingTrig_32_63
                0x0800b640       0x24 stm32g4xx_ll_exti.o
 .text.LL_EXTI_DisableFallingTrig_0_31
                0x0800b664       0x28 stm32g4xx_ll_exti.o
 .text.LL_EXTI_DisableFallingTrig_32_63
                0x0800b68c       0x28 stm32g4xx_ll_exti.o
 .text.LL_EXTI_Init
                0x0800b6b4      0x1ec stm32g4xx_ll_exti.o
                0x0800b6b4                LL_EXTI_Init
 .text.LL_GPIO_SetPinMode
                0x0800b8a0       0x7a stm32g4xx_ll_gpio.o
 .text.LL_GPIO_SetPinOutputType
                0x0800b91a       0x30 stm32g4xx_ll_gpio.o
 .text.LL_GPIO_SetPinSpeed
                0x0800b94a       0x7a stm32g4xx_ll_gpio.o
 .text.LL_GPIO_SetPinPull
                0x0800b9c4       0x7a stm32g4xx_ll_gpio.o
 .text.LL_GPIO_SetAFPin_0_7
                0x0800ba3e       0x7a stm32g4xx_ll_gpio.o
 .text.LL_GPIO_SetAFPin_8_15
                0x0800bab8       0x7e stm32g4xx_ll_gpio.o
 .text.LL_GPIO_Init
                0x0800bb36       0xdc stm32g4xx_ll_gpio.o
                0x0800bb36                LL_GPIO_Init
 .text.LL_LPUART_IsEnabled
                0x0800bc12       0x26 stm32g4xx_ll_lpuart.o
 .text.LL_LPUART_SetPrescaler
                0x0800bc38       0x28 stm32g4xx_ll_lpuart.o
 .text.LL_LPUART_SetStopBitsLength
                0x0800bc60       0x26 stm32g4xx_ll_lpuart.o
 .text.LL_LPUART_SetHWFlowCtrl
                0x0800bc86       0x26 stm32g4xx_ll_lpuart.o
 .text.LL_LPUART_SetBaudRate
                0x0800bcac       0x98 stm32g4xx_ll_lpuart.o
 .text.LL_LPUART_Init
                0x0800bd44       0x98 stm32g4xx_ll_lpuart.o
                0x0800bd44                LL_LPUART_Init
 .text.LL_RCC_HSI_IsReady
                0x0800bddc       0x28 stm32g4xx_ll_rcc.o
 .text.LL_RCC_LSE_IsReady
                0x0800be04       0x28 stm32g4xx_ll_rcc.o
 .text.LL_RCC_GetSysClkSource
                0x0800be2c       0x1c stm32g4xx_ll_rcc.o
 .text.LL_RCC_GetAHBPrescaler
                0x0800be48       0x1c stm32g4xx_ll_rcc.o
 .text.LL_RCC_GetAPB1Prescaler
                0x0800be64       0x1c stm32g4xx_ll_rcc.o
 .text.LL_RCC_GetLPUARTClockSource
                0x0800be80       0x24 stm32g4xx_ll_rcc.o
 .text.LL_RCC_PLL_GetMainSource
                0x0800bea4       0x1c stm32g4xx_ll_rcc.o
 .text.LL_RCC_PLL_GetN
                0x0800bec0       0x1c stm32g4xx_ll_rcc.o
 .text.LL_RCC_PLL_GetR
                0x0800bedc       0x1c stm32g4xx_ll_rcc.o
 .text.LL_RCC_PLL_GetDivider
                0x0800bef8       0x1c stm32g4xx_ll_rcc.o
 .text.LL_RCC_GetLPUARTClockFreq
                0x0800bf14       0x84 stm32g4xx_ll_rcc.o
                0x0800bf14                LL_RCC_GetLPUARTClockFreq
 .text.RCC_GetSystemClockFreq
                0x0800bf98       0x4c stm32g4xx_ll_rcc.o
 .text.RCC_GetHCLKClockFreq
                0x0800bfe4       0x30 stm32g4xx_ll_rcc.o
 .text.RCC_GetPCLK1ClockFreq
                0x0800c014       0x2c stm32g4xx_ll_rcc.o
 .text.RCC_PLL_GetFreqDomain_SYS
                0x0800c040       0x68 stm32g4xx_ll_rcc.o
 .text.HAL_Init
                0x0800c0a8       0x30 stm32g4xx_hal.o
                0x0800c0a8                HAL_Init
 .text.HAL_IncTick
                0x0800c0d8       0x24 stm32g4xx_hal.o
                0x0800c0d8                HAL_IncTick
 .text.HAL_GetTick
                0x0800c0fc       0x18 stm32g4xx_hal.o
                0x0800c0fc                HAL_GetTick
 .text.HAL_RCC_GetHCLKFreq
                0x0800c114       0x18 stm32g4xx_hal_rcc.o
                0x0800c114                HAL_RCC_GetHCLKFreq
 .text.HAL_RCC_GetPCLK1Freq
                0x0800c12c       0x2c stm32g4xx_hal_rcc.o
                0x0800c12c                HAL_RCC_GetPCLK1Freq
 .text.HAL_RCC_GetClockConfig
                0x0800c158       0x64 stm32g4xx_hal_rcc.o
                0x0800c158                HAL_RCC_GetClockConfig
 .text.HAL_PWREx_DisableUCPDDeadBattery
                0x0800c1bc       0x20 stm32g4xx_hal_pwr_ex.o
                0x0800c1bc                HAL_PWREx_DisableUCPDDeadBattery
 .text.__NVIC_SetPriorityGrouping
                0x0800c1dc       0x48 stm32g4xx_hal_cortex.o
 .text.__NVIC_GetPriorityGrouping
                0x0800c224       0x1c stm32g4xx_hal_cortex.o
 .text.__NVIC_EnableIRQ
                0x0800c240       0x3c stm32g4xx_hal_cortex.o
 .text.__NVIC_SetPriority
                0x0800c27c       0x54 stm32g4xx_hal_cortex.o
 .text.NVIC_EncodePriority
                0x0800c2d0       0x66 stm32g4xx_hal_cortex.o
 .text.HAL_NVIC_SetPriorityGrouping
                0x0800c336       0x16 stm32g4xx_hal_cortex.o
                0x0800c336                HAL_NVIC_SetPriorityGrouping
 .text.HAL_NVIC_SetPriority
                0x0800c34c       0x34 stm32g4xx_hal_cortex.o
                0x0800c34c                HAL_NVIC_SetPriority
 .text.HAL_NVIC_EnableIRQ
                0x0800c380       0x1c stm32g4xx_hal_cortex.o
                0x0800c380                HAL_NVIC_EnableIRQ
 .text.HAL_TIM_Base_Init
                0x0800c39c       0xae stm32g4xx_hal_tim.o
                0x0800c39c                HAL_TIM_Base_Init
 .text.HAL_TIM_Base_MspInit
                0x0800c44a       0x14 stm32g4xx_hal_tim.o
                0x0800c44a                HAL_TIM_Base_MspInit
 *fill*         0x0800c45e        0x2 
 .text.HAL_TIM_Base_Start_IT
                0x0800c460       0xf0 stm32g4xx_hal_tim.o
                0x0800c460                HAL_TIM_Base_Start_IT
 .text.HAL_TIM_IRQHandler
                0x0800c550      0x2fe stm32g4xx_hal_tim.o
                0x0800c550                HAL_TIM_IRQHandler
 .text.HAL_TIM_OC_DelayElapsedCallback
                0x0800c84e       0x14 stm32g4xx_hal_tim.o
                0x0800c84e                HAL_TIM_OC_DelayElapsedCallback
 .text.HAL_TIM_IC_CaptureCallback
                0x0800c862       0x14 stm32g4xx_hal_tim.o
                0x0800c862                HAL_TIM_IC_CaptureCallback
 .text.HAL_TIM_PWM_PulseFinishedCallback
                0x0800c876       0x14 stm32g4xx_hal_tim.o
                0x0800c876                HAL_TIM_PWM_PulseFinishedCallback
 .text.HAL_TIM_TriggerCallback
                0x0800c88a       0x14 stm32g4xx_hal_tim.o
                0x0800c88a                HAL_TIM_TriggerCallback
 *fill*         0x0800c89e        0x2 
 .text.TIM_Base_SetConfig
                0x0800c8a0      0x150 stm32g4xx_hal_tim.o
                0x0800c8a0                TIM_Base_SetConfig
 .text.HAL_TIMEx_CommutCallback
                0x0800c9f0       0x14 stm32g4xx_hal_tim_ex.o
                0x0800c9f0                HAL_TIMEx_CommutCallback
 .text.HAL_TIMEx_BreakCallback
                0x0800ca04       0x14 stm32g4xx_hal_tim_ex.o
                0x0800ca04                HAL_TIMEx_BreakCallback
 .text.HAL_TIMEx_Break2Callback
                0x0800ca18       0x14 stm32g4xx_hal_tim_ex.o
                0x0800ca18                HAL_TIMEx_Break2Callback
 .text.HAL_TIMEx_EncoderIndexCallback
                0x0800ca2c       0x14 stm32g4xx_hal_tim_ex.o
                0x0800ca2c                HAL_TIMEx_EncoderIndexCallback
 .text.HAL_TIMEx_DirectionChangeCallback
                0x0800ca40       0x14 stm32g4xx_hal_tim_ex.o
                0x0800ca40                HAL_TIMEx_DirectionChangeCallback
 .text.HAL_TIMEx_IndexErrorCallback
                0x0800ca54       0x14 stm32g4xx_hal_tim_ex.o
                0x0800ca54                HAL_TIMEx_IndexErrorCallback
 .text.HAL_TIMEx_TransitionErrorCallback
                0x0800ca68       0x14 stm32g4xx_hal_tim_ex.o
                0x0800ca68                HAL_TIMEx_TransitionErrorCallback
 .text.LL_TIM_SetPrescaler
                0x0800ca7c       0x1c stm32g4xx_ll_tim.o
 .text.LL_TIM_SetAutoReload
                0x0800ca98       0x1c stm32g4xx_ll_tim.o
 .text.LL_TIM_SetRepetitionCounter
                0x0800cab4       0x1c stm32g4xx_ll_tim.o
 .text.LL_TIM_GenerateEvent_UPDATE
                0x0800cad0       0x20 stm32g4xx_ll_tim.o
 .text.LL_TIM_Init
                0x0800caf0      0x144 stm32g4xx_ll_tim.o
                0x0800caf0                LL_TIM_Init
 .text.SystemInit
                0x0800cc34       0x24 system_stm32g4xx.o
                0x0800cc34                SystemInit
 .text.Reset_Handler
                0x0800cc58       0x50 startup_stm32g474retx.o
                0x0800cc58                Reset_Handler
 .text.Default_Handler
                0x0800cca8        0x2 startup_stm32g474retx.o
                0x0800cca8                RTC_Alarm_IRQHandler
                0x0800cca8                EXTI2_IRQHandler
                0x0800cca8                TIM8_TRG_COM_IRQHandler
                0x0800cca8                TIM8_CC_IRQHandler
                0x0800cca8                HRTIM1_Master_IRQHandler
                0x0800cca8                SPI4_IRQHandler
                0x0800cca8                FDCAN3_IT0_IRQHandler
                0x0800cca8                TIM1_CC_IRQHandler
                0x0800cca8                HRTIM1_FLT_IRQHandler
                0x0800cca8                HRTIM1_TIMF_IRQHandler
                0x0800cca8                USB_HP_IRQHandler
                0x0800cca8                CORDIC_IRQHandler
                0x0800cca8                HRTIM1_TIMD_IRQHandler
                0x0800cca8                DMA2_Channel8_IRQHandler
                0x0800cca8                EXTI3_IRQHandler
                0x0800cca8                I2C3_ER_IRQHandler
                0x0800cca8                EXTI0_IRQHandler
                0x0800cca8                I2C2_EV_IRQHandler
                0x0800cca8                FPU_IRQHandler
                0x0800cca8                FDCAN1_IT1_IRQHandler
                0x0800cca8                TIM1_UP_TIM16_IRQHandler
                0x0800cca8                ADC1_2_IRQHandler
                0x0800cca8                HRTIM1_TIME_IRQHandler
                0x0800cca8                SPI1_IRQHandler
                0x0800cca8                TIM6_DAC_IRQHandler
                0x0800cca8                HRTIM1_TIMC_IRQHandler
                0x0800cca8                TIM8_UP_IRQHandler
                0x0800cca8                DMA2_Channel2_IRQHandler
                0x0800cca8                DMA1_Channel4_IRQHandler
                0x0800cca8                TIM20_TRG_COM_IRQHandler
                0x0800cca8                USART3_IRQHandler
                0x0800cca8                DMA1_Channel7_IRQHandler
                0x0800cca8                UART5_IRQHandler
                0x0800cca8                ADC3_IRQHandler
                0x0800cca8                TIM4_IRQHandler
                0x0800cca8                DMA2_Channel1_IRQHandler
                0x0800cca8                QUADSPI_IRQHandler
                0x0800cca8                I2C1_EV_IRQHandler
                0x0800cca8                DMA1_Channel6_IRQHandler
                0x0800cca8                UART4_IRQHandler
                0x0800cca8                DMA2_Channel4_IRQHandler
                0x0800cca8                TIM3_IRQHandler
                0x0800cca8                RCC_IRQHandler
                0x0800cca8                TIM20_UP_IRQHandler
                0x0800cca8                Default_Handler
                0x0800cca8                DMA2_Channel7_IRQHandler
                0x0800cca8                RTC_TAMP_LSECSS_IRQHandler
                0x0800cca8                FMAC_IRQHandler
                0x0800cca8                DMA1_Channel8_IRQHandler
                0x0800cca8                HRTIM1_TIMA_IRQHandler
                0x0800cca8                TIM7_DAC_IRQHandler
                0x0800cca8                FDCAN3_IT1_IRQHandler
                0x0800cca8                TIM5_IRQHandler
                0x0800cca8                UCPD1_IRQHandler
                0x0800cca8                I2C3_EV_IRQHandler
                0x0800cca8                EXTI9_5_IRQHandler
                0x0800cca8                RTC_WKUP_IRQHandler
                0x0800cca8                PVD_PVM_IRQHandler
                0x0800cca8                SPI2_IRQHandler
                0x0800cca8                ADC5_IRQHandler
                0x0800cca8                DMA2_Channel5_IRQHandler
                0x0800cca8                CRS_IRQHandler
                0x0800cca8                DMA1_Channel5_IRQHandler
                0x0800cca8                USB_LP_IRQHandler
                0x0800cca8                EXTI4_IRQHandler
                0x0800cca8                RNG_IRQHandler
                0x0800cca8                HRTIM1_TIMB_IRQHandler
                0x0800cca8                TIM1_TRG_COM_TIM17_IRQHandler
                0x0800cca8                FDCAN2_IT1_IRQHandler
                0x0800cca8                DMA1_Channel3_IRQHandler
                0x0800cca8                ADC4_IRQHandler
                0x0800cca8                WWDG_IRQHandler
                0x0800cca8                I2C4_EV_IRQHandler
                0x0800cca8                FDCAN2_IT0_IRQHandler
                0x0800cca8                DMA2_Channel6_IRQHandler
                0x0800cca8                FDCAN1_IT0_IRQHandler
                0x0800cca8                COMP7_IRQHandler
                0x0800cca8                COMP1_2_3_IRQHandler
                0x0800cca8                EXTI1_IRQHandler
                0x0800cca8                USART2_IRQHandler
                0x0800cca8                COMP4_5_6_IRQHandler
                0x0800cca8                TIM20_BRK_IRQHandler
                0x0800cca8                I2C2_ER_IRQHandler
                0x0800cca8                DMA1_Channel2_IRQHandler
                0x0800cca8                TIM8_BRK_IRQHandler
                0x0800cca8                FLASH_IRQHandler
                0x0800cca8                TIM20_CC_IRQHandler
                0x0800cca8                USART1_IRQHandler
                0x0800cca8                SPI3_IRQHandler
                0x0800cca8                I2C1_ER_IRQHandler
                0x0800cca8                FMC_IRQHandler
                0x0800cca8                LPTIM1_IRQHandler
                0x0800cca8                DMAMUX_OVR_IRQHandler
                0x0800cca8                I2C4_ER_IRQHandler
                0x0800cca8                USBWakeUp_IRQHandler
                0x0800cca8                SAI1_IRQHandler
                0x0800cca8                DMA2_Channel3_IRQHandler
                0x0800cca8                TIM1_BRK_TIM15_IRQHandler
 *fill*         0x0800ccaa        0x2 
 .text.fmod     0x0800ccac       0x6c C:/ProgramData/MATLAB/SupportPackages/R2024b/3P.instrset/gnuarm-armcortex.instrset/win/bin/../lib/gcc/arm-none-eabi/13.2.1/thumb/v7e-m+fp/hard\libm.a(libm_a-w_fmod.o)
                0x0800ccac                fmod
 .text.__ieee754_fmod
                0x0800cd18      0x30c C:/ProgramData/MATLAB/SupportPackages/R2024b/3P.instrset/gnuarm-armcortex.instrset/win/bin/../lib/gcc/arm-none-eabi/13.2.1/thumb/v7e-m+fp/hard\libm.a(libm_a-e_fmod.o)
                0x0800cd18                __ieee754_fmod
 .text.__udivmoddi4
                0x0800d024      0x2bc C:/ProgramData/MATLAB/SupportPackages/R2024b/3P.instrset/gnuarm-armcortex.instrset/win/bin/../lib/gcc/arm-none-eabi/13.2.1/thumb/v7e-m+fp/hard\libgcc.a(_udivmoddi4.o)
                0x0800d024                __udivmoddi4
 .text.memset   0x0800d2e0       0x10 C:/ProgramData/MATLAB/SupportPackages/R2024b/3P.instrset/gnuarm-armcortex.instrset/win/bin/../lib/gcc/arm-none-eabi/13.2.1/thumb/v7e-m+fp/hard\libg_nano.a(libc_a-memset.o)
                0x0800d2e0                memset
 .text.__errno  0x0800d2f0        0xc C:/ProgramData/MATLAB/SupportPackages/R2024b/3P.instrset/gnuarm-armcortex.instrset/win/bin/../lib/gcc/arm-none-eabi/13.2.1/thumb/v7e-m+fp/hard\libg_nano.a(libc_a-errno.o)
                0x0800d2f0                __errno
 .text.__libc_init_array
                0x0800d2fc       0x48 C:/ProgramData/MATLAB/SupportPackages/R2024b/3P.instrset/gnuarm-armcortex.instrset/win/bin/../lib/gcc/arm-none-eabi/13.2.1/thumb/v7e-m+fp/hard\libg_nano.a(libc_a-init.o)
                0x0800d2fc                __libc_init_array
 .text.memcpy   0x0800d344       0x1c C:/ProgramData/MATLAB/SupportPackages/R2024b/3P.instrset/gnuarm-armcortex.instrset/win/bin/../lib/gcc/arm-none-eabi/13.2.1/thumb/v7e-m+fp/hard\libg_nano.a(libc_a-memcpy-stub.o)
                0x0800d344                memcpy
 *(.glue_7)
 .glue_7        0x0800d360        0x0 linker stubs
 *(.glue_7t)
 .glue_7t       0x0800d360        0x0 linker stubs
 *(.eh_frame)
 .eh_frame      0x0800d360        0x0 C:/ProgramData/MATLAB/SupportPackages/R2024b/3P.instrset/gnuarm-armcortex.instrset/win/bin/../lib/gcc/arm-none-eabi/13.2.1/thumb/v7e-m+fp/hard/crtbegin.o
 *(.init)
 .init          0x0800d360        0x4 C:/ProgramData/MATLAB/SupportPackages/R2024b/3P.instrset/gnuarm-armcortex.instrset/win/bin/../lib/gcc/arm-none-eabi/13.2.1/thumb/v7e-m+fp/hard/crti.o
                0x0800d360                _init
 .init          0x0800d364        0x8 C:/ProgramData/MATLAB/SupportPackages/R2024b/3P.instrset/gnuarm-armcortex.instrset/win/bin/../lib/gcc/arm-none-eabi/13.2.1/thumb/v7e-m+fp/hard/crtn.o
 *(.fini)
 .fini          0x0800d36c        0x4 C:/ProgramData/MATLAB/SupportPackages/R2024b/3P.instrset/gnuarm-armcortex.instrset/win/bin/../lib/gcc/arm-none-eabi/13.2.1/thumb/v7e-m+fp/hard/crti.o
                0x0800d36c                _fini
 .fini          0x0800d370        0x8 C:/ProgramData/MATLAB/SupportPackages/R2024b/3P.instrset/gnuarm-armcortex.instrset/win/bin/../lib/gcc/arm-none-eabi/13.2.1/thumb/v7e-m+fp/hard/crtn.o
                0x0800d378                        . = ALIGN (0x4)
                0x0800d378                        _etext = .

.vfp11_veneer   0x0800d378        0x0
 .vfp11_veneer  0x0800d378        0x0 linker stubs

.v4_bx          0x0800d378        0x0
 .v4_bx         0x0800d378        0x0 linker stubs

.iplt           0x0800d378        0x0
 .iplt          0x0800d378        0x0 C:/ProgramData/MATLAB/SupportPackages/R2024b/3P.instrset/gnuarm-armcortex.instrset/win/bin/../lib/gcc/arm-none-eabi/13.2.1/thumb/v7e-m+fp/hard/crtbegin.o

.rodata         0x0800d378     0x2a18
                0x0800d378                        . = ALIGN (0x4)
 *(.rodata)
 .rodata        0x0800d378      0x2b9 xcp_ext_mode.o
 *fill*         0x0800d631        0x3 
 .rodata        0x0800d634      0x12e xcp_ext_common.o
 *fill*         0x0800d762        0x2 
 .rodata        0x0800d764       0x4c xcp_ext_classic_trigger.o
 .rodata        0x0800d7b0      0x278 xcp.o
 .rodata        0x0800da28      0x3a9 xcp_standard.o
 *fill*         0x0800ddd1        0x3 
 .rodata        0x0800ddd4     0x1010 xcp_daq.o
 .rodata        0x0800ede4       0xdd xcp_calibration.o
 *fill*         0x0800eec1        0x3 
 .rodata        0x0800eec4      0x56e xcp_transport.o
 *fill*         0x0800f432        0x2 
 .rodata        0x0800f434       0xf5 xcp_mem_default.o
 *fill*         0x0800f529        0x3 
 .rodata        0x0800f52c      0x228 xcp_drv_rtiostream.o
 .rodata        0x0800f754      0x4aa xcp_frame_serial.o
 *(.rodata*)
 *fill*         0x0800fbfe        0x2 
 .rodata.TestKit2_M
                0x0800fc00        0x4 TestKit2.o
                0x0800fc00                TestKit2_M
 .rodata.rtAlwaysEnabled.0
                0x0800fc04        0x1 TestKit2.o
 *fill*         0x0800fc05        0x3 
 .rodata.standardSupportedRxPacket
                0x0800fc08       0x54 xcp_standard.o
 .rodata.daqSupportedRxPacket
                0x0800fc5c       0x9c xcp_daq.o
 .rodata.calibrationSupportedRxPacket
                0x0800fcf8       0x18 xcp_calibration.o
 .rodata.CHANNEL_OFFSET_TAB
                0x0800fd10        0x8 stm_usart.o
 .rodata.CHANNEL_OFFSET_TAB
                0x0800fd18        0x8 stm_lpuart.o
 .rodata.CHANNEL_OFFSET_TAB
                0x0800fd20        0x8 main.o
 .rodata.OFFSET_TAB_CCMRx
                0x0800fd28        0xa main.o
 *fill*         0x0800fd32        0x2 
 .rodata.SHIFT_TAB_ICxx
                0x0800fd34        0xa main.o
 *fill*         0x0800fd3e        0x2 
 .rodata.SHIFT_TAB_CCxP
                0x0800fd40        0xa main.o
 *fill*         0x0800fd4a        0x2 
 .rodata.LPUART_PRESCALER_TAB
                0x0800fd4c       0x18 stm32g4xx_ll_lpuart.o
 .rodata.AHBPrescTable
                0x0800fd64       0x10 system_stm32g4xx.o
                0x0800fd64                AHBPrescTable
 .rodata.APBPrescTable
                0x0800fd74        0x8 system_stm32g4xx.o
                0x0800fd74                APBPrescTable
 *fill*         0x0800fd7c        0x4 
 .rodata.Zero   0x0800fd80       0x10 C:/ProgramData/MATLAB/SupportPackages/R2024b/3P.instrset/gnuarm-armcortex.instrset/win/bin/../lib/gcc/arm-none-eabi/13.2.1/thumb/v7e-m+fp/hard\libm.a(libm_a-e_fmod.o)
                0x0800fd90                        . = ALIGN (0x4)

.ARM.extab      0x0800fd90        0x0
                0x0800fd90                        . = ALIGN (0x4)
 *(.ARM.extab* .gnu.linkonce.armextab.*)
                0x0800fd90                        . = ALIGN (0x4)

.ARM            0x0800fd90        0x8
                0x0800fd90                        . = ALIGN (0x4)
                0x0800fd90                        __exidx_start = .
 *(.ARM.exidx*)
 .ARM.exidx.text.__udivmoddi4
                0x0800fd90        0x8 C:/ProgramData/MATLAB/SupportPackages/R2024b/3P.instrset/gnuarm-armcortex.instrset/win/bin/../lib/gcc/arm-none-eabi/13.2.1/thumb/v7e-m+fp/hard\libgcc.a(_udivmoddi4.o)
                0x0800fd98                        __exidx_end = .
                0x0800fd98                        . = ALIGN (0x4)

.rel.dyn        0x0800fd98        0x0
 .rel.iplt      0x0800fd98        0x0 C:/ProgramData/MATLAB/SupportPackages/R2024b/3P.instrset/gnuarm-armcortex.instrset/win/bin/../lib/gcc/arm-none-eabi/13.2.1/thumb/v7e-m+fp/hard/crtbegin.o

.preinit_array  0x0800fd98        0x0
                0x0800fd98                        . = ALIGN (0x4)
                0x0800fd98                        PROVIDE (__preinit_array_start = .)
 *(.preinit_array*)
                0x0800fd98                        PROVIDE (__preinit_array_end = .)
                0x0800fd98                        . = ALIGN (0x4)

.init_array     0x0800fd98        0x4
                0x0800fd98                        . = ALIGN (0x4)
                0x0800fd98                        PROVIDE (__init_array_start = .)
 *(SORT_BY_NAME(.init_array.*))
 *(.init_array*)
 .init_array    0x0800fd98        0x4 C:/ProgramData/MATLAB/SupportPackages/R2024b/3P.instrset/gnuarm-armcortex.instrset/win/bin/../lib/gcc/arm-none-eabi/13.2.1/thumb/v7e-m+fp/hard/crtbegin.o
                0x0800fd9c                        PROVIDE (__init_array_end = .)
                0x0800fd9c                        . = ALIGN (0x4)

.fini_array     0x0800fd9c        0x4
                0x0800fd9c                        . = ALIGN (0x4)
                [!provide]                        PROVIDE (__fini_array_start = .)
 *(SORT_BY_NAME(.fini_array.*))
 *(.fini_array*)
 .fini_array    0x0800fd9c        0x4 C:/ProgramData/MATLAB/SupportPackages/R2024b/3P.instrset/gnuarm-armcortex.instrset/win/bin/../lib/gcc/arm-none-eabi/13.2.1/thumb/v7e-m+fp/hard/crtbegin.o
                [!provide]                        PROVIDE (__fini_array_end = .)
                0x0800fda0                        . = ALIGN (0x4)
                0x0800fda0                        _sidata = LOADADDR (.data)

.data           0x20000000       0xe4 load address 0x0800fda0
                0x20000000                        . = ALIGN (0x4)
                0x20000000                        _sdata = .
 *(.data)
 *(.data*)
 .data.xcpExtmodeFinalSimulationTime
                0x20000000        0x8 xcp_ext_common.o
                0x20000000                xcpExtmodeFinalSimulationTime
 .data.xcpClassicTriggerDuration
                0x20000008        0x4 xcp_ext_classic_trigger.o
                0x20000008                xcpClassicTriggerDuration
 .data.xcpClassicTriggerArmRequest
                0x2000000c        0x1 xcp_ext_classic_trigger.o
                0x2000000c                xcpClassicTriggerArmRequest
 *fill*         0x2000000d        0x3 
 .data.startStopDaqListId
                0x20000010        0x4 xcp_daq.o
 .data.xcpCurrentDaq
                0x20000014        0x4 xcp_daq.o
 .data.xcpEventCustomMemoryManager
                0x20000018        0xc xcp_daq.o
 .data.xcpCtoReservedMemPoolId
                0x20000024        0x4 xcp_transport.o
 .data.xcpMemMainBlockSizes
                0x20000028        0xc xcp_mem_default.o
 .data.xcpMemMainBlocksNumber
                0x20000034        0xc xcp_mem_default.o
 .data.drvID    0x20000040        0x4 xcp_drv_rtiostream.o
 .data.xcpCtoReservedMemPoolId
                0x20000044        0x4 xcp_frame_serial.o
 .data.uartObj  0x20000048       0x40 rtiostream_serial.o
                0x20000048                uartObj
 .data.uwTickPrio
                0x20000088        0x4 stm32g4xx_hal.o
                0x20000088                uwTickPrio
 .data.uwTickFreq
                0x2000008c        0x4 stm32g4xx_hal.o
                0x2000008c                uwTickFreq
 .data.SystemCoreClock
                0x20000090        0x4 system_stm32g4xx.o
                0x20000090                SystemCoreClock
 .data._impure_ptr
                0x20000094        0x4 C:/ProgramData/MATLAB/SupportPackages/R2024b/3P.instrset/gnuarm-armcortex.instrset/win/bin/../lib/gcc/arm-none-eabi/13.2.1/thumb/v7e-m+fp/hard\libg_nano.a(libc_a-impure.o)
                0x20000094                _impure_ptr
 .data._impure_data
                0x20000098       0x4c C:/ProgramData/MATLAB/SupportPackages/R2024b/3P.instrset/gnuarm-armcortex.instrset/win/bin/../lib/gcc/arm-none-eabi/13.2.1/thumb/v7e-m+fp/hard\libg_nano.a(libc_a-impure.o)
                0x20000098                _impure_data
 *(.RamFunc)
 *(.RamFunc*)
                0x200000e4                        . = ALIGN (0x4)
                0x200000e4                        _edata = .

.tm_clone_table
                0x200000e4        0x0 load address 0x0800fe84
 .tm_clone_table
                0x200000e4        0x0 C:/ProgramData/MATLAB/SupportPackages/R2024b/3P.instrset/gnuarm-armcortex.instrset/win/bin/../lib/gcc/arm-none-eabi/13.2.1/thumb/v7e-m+fp/hard/crtbegin.o
 .tm_clone_table
                0x200000e4        0x0 C:/ProgramData/MATLAB/SupportPackages/R2024b/3P.instrset/gnuarm-armcortex.instrset/win/bin/../lib/gcc/arm-none-eabi/13.2.1/thumb/v7e-m+fp/hard/crtend.o

.igot.plt       0x200000e4        0x0 load address 0x0800fe84
 .igot.plt      0x200000e4        0x0 C:/ProgramData/MATLAB/SupportPackages/R2024b/3P.instrset/gnuarm-armcortex.instrset/win/bin/../lib/gcc/arm-none-eabi/13.2.1/thumb/v7e-m+fp/hard/crtbegin.o
                0x200000e4                        . = ALIGN (0x4)

.bss            0x200000e8     0x12bc load address 0x0800fe84
                0x200000e8                        _sbss = .
                0x200000e8                        __bss_start__ = _sbss
 *(.bss)
 *(.bss*)
 .bss.completed.1
                0x200000e8        0x1 C:/ProgramData/MATLAB/SupportPackages/R2024b/3P.instrset/gnuarm-armcortex.instrset/win/bin/../lib/gcc/arm-none-eabi/13.2.1/thumb/v7e-m+fp/hard/crtbegin.o
 *fill*         0x200000e9        0x3 
 .bss.object.0  0x200000ec       0x18 C:/ProgramData/MATLAB/SupportPackages/R2024b/3P.instrset/gnuarm-armcortex.instrset/win/bin/../lib/gcc/arm-none-eabi/13.2.1/thumb/v7e-m+fp/hard/crtbegin.o
 .bss.mw_tim1   0x20000104       0x8c stm_timer_ll.o
                0x20000104                mw_tim1
 .bss.mw_tim3   0x20000190       0x8c stm_timer_ll.o
                0x20000190                mw_tim3
 .bss.mw_tim4   0x2000021c       0x8c stm_timer_ll.o
                0x2000021c                mw_tim4
 .bss.firstIndexReceived.0
                0x200002a8        0x1 stm_timer_ll.o
 *fill*         0x200002a9        0x3 
 .bss.xcpCustomTriggerFunction
                0x200002ac        0x8 xcp_ext_mode.o
 .bss.TestKit2_B
                0x200002b4        0xc TestKit2.o
                0x200002b4                TestKit2_B
 .bss.TestKit2_DW
                0x200002c0       0x30 TestKit2.o
                0x200002c0                TestKit2_DW
 .bss.TestKit2_M_
                0x200002f0       0x48 TestKit2.o
 .bss.rt_ExtModeInfo.2
                0x20000338       0x14 TestKit2.o
 .bss.systemRan.1
                0x2000034c       0x10 TestKit2.o
 .bss.IsrOverrun
                0x2000035c        0x4 ert_main.o
                0x2000035c                IsrOverrun
 .bss.OverrunFlag
                0x20000360        0x1 ert_main.o
 .bss.stopRequested
                0x20000361        0x1 ert_main.o
                0x20000361                stopRequested
 .bss.runModel  0x20000362        0x1 ert_main.o
                0x20000362                runModel
 .bss.xcpModelStartRequest
                0x20000363        0x1 xcp_ext_common.o
                0x20000363                xcpModelStartRequest
 .bss.xcpModelStopRequest
                0x20000364        0x1 xcp_ext_common.o
                0x20000364                xcpModelStopRequest
 .bss.xcpModelStatus
                0x20000365        0x1 xcp_ext_common.o
                0x20000365                xcpModelStatus
 *fill*         0x20000366        0x2 
 .bss.xcpModelChecksum0
                0x20000368        0x4 xcp_ext_common.o
                0x20000368                xcpModelChecksum0
 .bss.xcpModelChecksum1
                0x2000036c        0x4 xcp_ext_common.o
                0x2000036c                xcpModelChecksum1
 .bss.xcpModelChecksum2
                0x20000370        0x4 xcp_ext_common.o
                0x20000370                xcpModelChecksum2
 .bss.xcpModelChecksum3
                0x20000374        0x4 xcp_ext_common.o
                0x20000374                xcpModelChecksum3
 .bss.xcpModelIntegerCode
                0x20000378        0x4 xcp_ext_common.o
                0x20000378                xcpModelIntegerCode
 .bss.xcpExtmodeSimulationComplete
                0x2000037c        0x1 xcp_ext_common.o
                0x2000037c                xcpExtmodeSimulationComplete
 *fill*         0x2000037d        0x3 
 .bss.xcpDummyDoubleVariable
                0x20000380        0x8 xcp_ext_common.o
                0x20000380                xcpDummyDoubleVariable
 .bss.xcpDummyUint64Variable
                0x20000388        0x8 xcp_ext_common.o
                0x20000388                xcpDummyUint64Variable
 .bss.xcpCurrentSimulationTimeInMs
                0x20000390        0x8 xcp_ext_common.o
                0x20000390                xcpCurrentSimulationTimeInMs
 .bss.xcpBaseRateSimulationTime
                0x20000398        0x8 xcp_ext_common.o
 .bss.xcpClassicTriggerEventId
                0x200003a0        0x2 xcp_ext_classic_trigger.o
                0x200003a0                xcpClassicTriggerEventId
 *fill*         0x200003a2        0x2 
 .bss.xcpClassicTriggerSignalAddress
                0x200003a4        0x4 xcp_ext_classic_trigger.o
                0x200003a4                xcpClassicTriggerSignalAddress
 .bss.xcpClassicTriggerSignalAddressExtension
                0x200003a8        0x1 xcp_ext_classic_trigger.o
                0x200003a8                xcpClassicTriggerSignalAddressExtension
 *fill*         0x200003a9        0x7 
 .bss.xcpClassicTriggerLevel
                0x200003b0        0x8 xcp_ext_classic_trigger.o
                0x200003b0                xcpClassicTriggerLevel
 .bss.xcpClassicTriggerHoldOff
                0x200003b8        0x4 xcp_ext_classic_trigger.o
                0x200003b8                xcpClassicTriggerHoldOff
 .bss.xcpClassicTriggerDelay
                0x200003bc        0x4 xcp_ext_classic_trigger.o
                0x200003bc                xcpClassicTriggerDelay
 .bss.xcpClassicTriggerDirection
                0x200003c0        0x1 xcp_ext_classic_trigger.o
                0x200003c0                xcpClassicTriggerDirection
 .bss.xcpClassicTriggerCancelRequest
                0x200003c1        0x1 xcp_ext_classic_trigger.o
                0x200003c1                xcpClassicTriggerCancelRequest
 .bss.xcpClassicTriggerSource
                0x200003c2        0x1 xcp_ext_classic_trigger.o
                0x200003c2                xcpClassicTriggerSource
 .bss.xcpClassicTriggerMode
                0x200003c3        0x1 xcp_ext_classic_trigger.o
                0x200003c3                xcpClassicTriggerMode
 .bss.xcpClassicTriggerStatus
                0x200003c4        0x1 xcp_ext_classic_trigger.o
                0x200003c4                xcpClassicTriggerStatus
 *fill*         0x200003c5        0x3 
 .bss.xcpOldSignalValue
                0x200003c8        0x8 xcp_ext_classic_trigger.o
 .bss.xcpOldSignalValueAvailable
                0x200003d0        0x1 xcp_ext_classic_trigger.o
 .bss.xcpOldClassicTriggerSource
                0x200003d1        0x1 xcp_ext_classic_trigger.o
 .bss.xcpTriggerEnabled
                0x200003d2        0x1 xcp_ext_classic_trigger.o
 .bss.xcpSignalTriggerFired
                0x200003d3        0x1 xcp_ext_classic_trigger.o
 .bss.xcpTriggerCount
                0x200003d4        0x4 xcp_ext_classic_trigger.o
 .bss.xcpForcedTriggerEnabled
                0x200003d8        0x1 xcp_ext_classic_trigger.o
 .bss.xcpForceTriggerEnableRequest
                0x200003d9        0x1 xcp_ext_classic_trigger.o
 .bss.initialized
                0x200003da        0x1 xcp.o
 .bss.xcpStatus
                0x200003db        0x1 xcp.o
 .bss.xcpSessionStatus
                0x200003dc        0x1 xcp.o
 .bss.xcpResourceProtectionStatus
                0x200003dd        0x1 xcp.o
 .bss.xcpSessionConfigurationId
                0x200003de        0x2 xcp.o
 .bss.groupPacketLookup
                0x200003e0       0x10 xcp.o
 .bss.xcpMta    0x200003f0        0x8 xcp_standard.o
 .bss.xcpUploadSize
                0x200003f8        0x1 xcp_standard.o
 *fill*         0x200003f9        0x3 
 .bss.packetLookup
                0x200003fc        0x4 xcp_standard.o
 .bss.xcpDynamicDaqLists
                0x20000400        0x8 xcp_daq.o
 .bss.xcpRunningEventCounter
                0x20000408        0x4 xcp_daq.o
 .bss.daqLock   0x2000040c        0x4 xcp_daq.o
 .bss.packetLookup
                0x20000410        0x4 xcp_daq.o
 .bss.packetLookup
                0x20000414        0x4 xcp_calibration.o
 .bss.txFifo    0x20000418       0x10 xcp_transport.o
 .bss.txLock    0x20000428        0x4 xcp_transport.o
 .bss.rxFifo    0x2000042c        0x8 xcp_transport.o
 .bss.rxLock    0x20000434        0x4 xcp_transport.o
 .bss.initialized
                0x20000438        0x1 xcp_transport.o
 *fill*         0x20000439        0x3 
 .bss.xcpMemPoolDescriptors
                0x2000043c       0xc0 xcp_mem_default.o
 .bss.xcpMemCustomPoolDescriptors
                0x200004fc        0x8 xcp_mem_default.o
 .bss.xcpMemMainChunk
                0x20000504      0x3a7 xcp_mem_default.o
 *fill*         0x200008ab        0x1 
 .bss.xcpMemReservedPoolsChunk
                0x200008ac      0x4f9 xcp_mem_default.o
 *fill*         0x20000da5        0x3 
 .bss.xcpMemReservedPoolsChunkUsedBytes
                0x20000da8        0x4 xcp_mem_default.o
 .bss.xcpMemLock
                0x20000dac        0x4 xcp_mem_default.o
 .bss.forceBlocking
                0x20000db0        0x1 xcp_drv_rtiostream.o
 *fill*         0x20000db1        0x1 
 .bss.txCounter
                0x20000db2        0x2 xcp_frame_serial.o
 .bss.rxCounter
                0x20000db4        0x2 xcp_frame_serial.o
 *fill*         0x20000db6        0x2 
 .bss.firstRxCounterReceived
                0x20000db8        0x4 xcp_frame_serial.o
 .bss.initialized
                0x20000dbc        0x1 xcp_frame_serial.o
 *fill*         0x20000dbd        0x3 
 .bss.timestampInitialized
                0x20000dc0        0x4 platform_timer.o
 .bss.timestampStartTime
                0x20000dc4        0x4 platform_timer.o
 .bss.schdl_counter
                0x20000dc8        0x4 SysTickScheduler.o
                0x20000dc8                schdl_counter
 .bss.schdl_counter_max
                0x20000dcc        0x4 SysTickScheduler.o
                0x20000dcc                schdl_counter_max
 .bss.taskToSchedule
                0x20000dd0        0x4 m3m4m4f_multitasking.o
                0x20000dd0                taskToSchedule
 .bss.mw_ext_h  0x20000dd4        0x4 rtiostream_serial.o
                0x20000dd4                mw_ext_h
 .bss.UARTRxBuffer
                0x20000dd8        0x4 rtiostream_serial.o
                0x20000dd8                UARTRxBuffer
 .bss.mw_lpuart1
                0x20000ddc       0x40 stm_lpuart.o
                0x20000ddc                mw_lpuart1
 .bss.LPUART1ReceiveBuffer
                0x20000e1c      0x400 stm_lpuart.o
                0x20000e1c                LPUART1ReceiveBuffer
 .bss.htim2     0x2000121c       0x4c stm32g4xx_hal_timebase_tim.o
                0x2000121c                htim2
 .bss.uwTick    0x20001268        0x4 stm32g4xx_hal.o
                0x20001268                uwTick
 .bss.__sf      0x2000126c      0x138 C:/ProgramData/MATLAB/SupportPackages/R2024b/3P.instrset/gnuarm-armcortex.instrset/win/bin/../lib/gcc/arm-none-eabi/13.2.1/thumb/v7e-m+fp/hard\libg_nano.a(libc_a-findfp.o)
                0x2000126c                __sf
 *(COMMON)
                0x200013a4                        . = ALIGN (0x4)
                0x200013a4                        _ebss = .
                0x200013a4                        __bss_end__ = _ebss

._user_heap_stack
                0x200013a4      0x604 load address 0x0800fe84
                0x200013a8                        . = ALIGN (0x8)
 *fill*         0x200013a4        0x4 
                [!provide]                        PROVIDE (end = .)
                0x200013a8                        PROVIDE (_end = .)
                0x200015a8                        . = (. + _Min_Heap_Size)
 *fill*         0x200013a8      0x200 
                0x200019a8                        . = (. + _Min_Stack_Size)
 *fill*         0x200015a8      0x400 
                0x200019a8                        . = ALIGN (0x8)

/DISCARD/
 libc.a(*)
 libm.a(*)
 libgcc.a(*)

.ARM.attributes
                0x00000000       0x30
 *(.ARM.attributes)
 .ARM.attributes
                0x00000000       0x22 C:/ProgramData/MATLAB/SupportPackages/R2024b/3P.instrset/gnuarm-armcortex.instrset/win/bin/../lib/gcc/arm-none-eabi/13.2.1/thumb/v7e-m+fp/hard/crti.o
 .ARM.attributes
                0x00000022       0x34 C:/ProgramData/MATLAB/SupportPackages/R2024b/3P.instrset/gnuarm-armcortex.instrset/win/bin/../lib/gcc/arm-none-eabi/13.2.1/thumb/v7e-m+fp/hard/crtbegin.o
 .ARM.attributes
                0x00000056       0x34 stm_timer_ll.o
 .ARM.attributes
                0x0000008a       0x34 xcp_ext_mode.o
 .ARM.attributes
                0x000000be       0x34 TestKit2.o
 .ARM.attributes
                0x000000f2       0x34 ert_main.o
 .ARM.attributes
                0x00000126       0x34 xcp_ext_common.o
 .ARM.attributes
                0x0000015a       0x34 xcp_ext_classic_trigger.o
 .ARM.attributes
                0x0000018e       0x34 xcp.o
 .ARM.attributes
                0x000001c2       0x34 xcp_standard.o
 .ARM.attributes
                0x000001f6       0x34 xcp_daq.o
 .ARM.attributes
                0x0000022a       0x34 xcp_calibration.o
 .ARM.attributes
                0x0000025e       0x34 xcp_fifo.o
 .ARM.attributes
                0x00000292       0x34 xcp_transport.o
 .ARM.attributes
                0x000002c6       0x34 xcp_mem_default.o
 .ARM.attributes
                0x000002fa       0x34 xcp_drv_rtiostream.o
 .ARM.attributes
                0x0000032e       0x34 xcp_utils.o
 .ARM.attributes
                0x00000362       0x34 xcp_frame_serial.o
 .ARM.attributes
                0x00000396       0x34 xcp_ext_param_default_serial.o
 .ARM.attributes
                0x000003ca       0x34 overrideHALDelay.o
 .ARM.attributes
                0x000003fe       0x34 platform_timer.o
 .ARM.attributes
                0x00000432       0x34 SysTickScheduler.o
 .ARM.attributes
                0x00000466       0x34 m3m4m4f_multitasking.o
 .ARM.attributes
                0x0000049a       0x34 rtiostream_serial.o
 .ARM.attributes
                0x000004ce       0x34 stm_usart.o
 .ARM.attributes
                0x00000502       0x34 stm_lpuart.o
 .ARM.attributes
                0x00000536       0x34 sys_arch.o
 .ARM.attributes
                0x0000056a       0x34 main.o
 .ARM.attributes
                0x0000059e       0x34 stm32g4xx_it.o
 .ARM.attributes
                0x000005d2       0x34 stm32g4xx_hal_msp.o
 .ARM.attributes
                0x00000606       0x34 stm32g4xx_hal_timebase_tim.o
 .ARM.attributes
                0x0000063a       0x34 stm32g4xx_ll_utils.o
 .ARM.attributes
                0x0000066e       0x34 stm32g4xx_ll_exti.o
 .ARM.attributes
                0x000006a2       0x34 stm32g4xx_ll_gpio.o
 .ARM.attributes
                0x000006d6       0x34 stm32g4xx_ll_lpuart.o
 .ARM.attributes
                0x0000070a       0x34 stm32g4xx_ll_rcc.o
 .ARM.attributes
                0x0000073e       0x34 stm32g4xx_hal.o
 .ARM.attributes
                0x00000772       0x34 stm32g4xx_hal_rcc.o
 .ARM.attributes
                0x000007a6       0x34 stm32g4xx_hal_pwr_ex.o